[2026-06-28T09:54:31.876+0000] {local_task_job_runner.py:123} INFO - ::group::Pre task execution logs
[2026-06-28T09:54:31.921+0000] {taskinstance.py:2613} INFO - Dependencies all met for dep_context=non-requeueable deps ti=<TaskInstance: urban_data_pipeline.download.download_bruitparif_sig_2024 scheduled__2026-05-01T00:00:00+00:00 [queued]>
[2026-06-28T09:54:31.947+0000] {taskinstance.py:2613} INFO - Dependencies all met for dep_context=requeueable deps ti=<TaskInstance: urban_data_pipeline.download.download_bruitparif_sig_2024 scheduled__2026-05-01T00:00:00+00:00 [queued]>
[2026-06-28T09:54:31.949+0000] {taskinstance.py:2866} INFO - Starting attempt 1 of 3
[2026-06-28T09:54:32.021+0000] {taskinstance.py:2889} INFO - Executing <Task(PythonOperator): download.download_bruitparif_sig_2024> on 2026-05-01 00:00:00+00:00
[2026-06-28T09:54:32.060+0000] {standard_task_runner.py:104} INFO - Running: ['***', 'tasks', 'run', 'urban_data_pipeline', 'download.download_bruitparif_sig_2024', 'scheduled__2026-05-01T00:00:00+00:00', '--job-id', '6', '--raw', '--subdir', 'DAGS_FOLDER/urban_data_pipeline_dag.py', '--cfg-path', '/tmp/tmpzwws_xgg']
[2026-06-28T09:54:32.072+0000] {logging_mixin.py:190} WARNING - /home/***/.local/lib/python3.12/site-packages/***/task/task_runner/standard_task_runner.py:70 DeprecationWarning: This process (pid=529) is multi-threaded, use of fork() may lead to deadlocks in the child.
[2026-06-28T09:54:32.076+0000] {standard_task_runner.py:105} INFO - Job 6: Subtask download.download_bruitparif_sig_2024
[2026-06-28T09:54:32.080+0000] {standard_task_runner.py:72} INFO - Started process 563 to run task
[2026-06-28T09:54:32.302+0000] {task_command.py:467} INFO - Running <TaskInstance: urban_data_pipeline.download.download_bruitparif_sig_2024 scheduled__2026-05-01T00:00:00+00:00 [running]> on host a599c75c3dcc
[2026-06-28T09:54:32.515+0000] {taskinstance.py:3132} INFO - Exporting env vars: AIRFLOW_CTX_DAG_OWNER='urban-data-explorer' AIRFLOW_CTX_DAG_ID='urban_data_pipeline' AIRFLOW_CTX_TASK_ID='download.download_bruitparif_sig_2024' AIRFLOW_CTX_EXECUTION_DATE='2026-05-01T00:00:00+00:00' AIRFLOW_CTX_TRY_NUMBER='1' AIRFLOW_CTX_DAG_RUN_ID='scheduled__2026-05-01T00:00:00+00:00'
[2026-06-28T09:54:32.517+0000] {taskinstance.py:731} INFO - ::endgroup::
[2026-06-28T09:54:34.715+0000] {logging_mixin.py:190} INFO - bruitparif_sig_2024: /opt/***/project/data/bronze/raw/bruitparif/couches-sig-air-bruit-2024.zip
[2026-06-28T09:54:34.720+0000] {python.py:240} INFO - Done. Returned value was: None
[2026-06-28T09:54:34.748+0000] {taskinstance.py:340} INFO - ::group::Post task execution logs
[2026-06-28T09:54:34.764+0000] {taskinstance.py:352} INFO - Marking task as SUCCESS. dag_id=urban_data_pipeline, task_id=download.download_bruitparif_sig_2024, run_id=scheduled__2026-05-01T00:00:00+00:00, execution_date=20260501T000000, start_date=20260628T095431, end_date=20260628T095434
[2026-06-28T09:54:34.873+0000] {local_task_job_runner.py:266} INFO - Task exited with return code 0
[2026-06-28T09:54:34.913+0000] {taskinstance.py:3895} INFO - 1 downstream tasks scheduled from follow-on schedule check
[2026-06-28T09:54:34.917+0000] {local_task_job_runner.py:245} INFO - ::endgroup::
[2026-06-29T08:21:48.360+0000] {local_task_job_runner.py:123} INFO - ::group::Pre task execution logs
[2026-06-29T08:21:48.395+0000] {taskinstance.py:2613} INFO - Dependencies all met for dep_context=non-requeueable deps ti=<TaskInstance: urban_data_pipeline.download.download_bruitparif_sig_2024 scheduled__2026-05-01T00:00:00+00:00 [queued]>
[2026-06-29T08:21:48.408+0000] {taskinstance.py:2613} INFO - Dependencies all met for dep_context=requeueable deps ti=<TaskInstance: urban_data_pipeline.download.download_bruitparif_sig_2024 scheduled__2026-05-01T00:00:00+00:00 [queued]>
[2026-06-29T08:21:48.411+0000] {taskinstance.py:2866} INFO - Starting attempt 1 of 3
[2026-06-29T08:21:48.433+0000] {taskinstance.py:2889} INFO - Executing <Task(PythonOperator): download.download_bruitparif_sig_2024> on 2026-05-01 00:00:00+00:00
[2026-06-29T08:21:48.443+0000] {standard_task_runner.py:104} INFO - Running: ['***', 'tasks', 'run', 'urban_data_pipeline', 'download.download_bruitparif_sig_2024', 'scheduled__2026-05-01T00:00:00+00:00', '--job-id', '120', '--raw', '--subdir', 'DAGS_FOLDER/urban_data_pipeline_dag.py', '--cfg-path', '/tmp/tmpisxjsoo0']
[2026-06-29T08:21:48.447+0000] {logging_mixin.py:190} WARNING - /home/***/.local/lib/python3.12/site-packages/***/task/task_runner/standard_task_runner.py:70 DeprecationWarning: This process (pid=552) is multi-threaded, use of fork() may lead to deadlocks in the child.
[2026-06-29T08:21:48.449+0000] {standard_task_runner.py:105} INFO - Job 120: Subtask download.download_bruitparif_sig_2024
[2026-06-29T08:21:48.450+0000] {standard_task_runner.py:72} INFO - Started process 578 to run task
[2026-06-29T08:21:48.560+0000] {task_command.py:467} INFO - Running <TaskInstance: urban_data_pipeline.download.download_bruitparif_sig_2024 scheduled__2026-05-01T00:00:00+00:00 [running]> on host 875a7b04857f
[2026-06-29T08:21:48.688+0000] {taskinstance.py:3132} INFO - Exporting env vars: AIRFLOW_CTX_DAG_OWNER='urban-data-explorer' AIRFLOW_CTX_DAG_ID='urban_data_pipeline' AIRFLOW_CTX_TASK_ID='download.download_bruitparif_sig_2024' AIRFLOW_CTX_EXECUTION_DATE='2026-05-01T00:00:00+00:00' AIRFLOW_CTX_TRY_NUMBER='1' AIRFLOW_CTX_DAG_RUN_ID='scheduled__2026-05-01T00:00:00+00:00'
[2026-06-29T08:21:48.690+0000] {taskinstance.py:731} INFO - ::endgroup::
[2026-06-29T08:21:49.700+0000] {logging_mixin.py:190} INFO - bruitparif_sig_2024: /opt/***/project/data/bronze/raw/bruitparif/couches-sig-air-bruit-2024.zip
[2026-06-29T08:21:49.701+0000] {python.py:240} INFO - Done. Returned value was: None
[2026-06-29T08:21:49.714+0000] {taskinstance.py:340} INFO - ::group::Post task execution logs
[2026-06-29T08:21:49.732+0000] {taskinstance.py:352} INFO - Marking task as SUCCESS. dag_id=urban_data_pipeline, task_id=download.download_bruitparif_sig_2024, run_id=scheduled__2026-05-01T00:00:00+00:00, execution_date=20260501T000000, start_date=20260629T082148, end_date=20260629T082149
[2026-06-29T08:21:49.797+0000] {local_task_job_runner.py:266} INFO - Task exited with return code 0
[2026-06-29T08:21:49.810+0000] {local_task_job_runner.py:245} INFO - ::endgroup::
