[2026-06-28T09:54:31.878+0000] {local_task_job_runner.py:123} INFO - ::group::Pre task execution logs
[2026-06-28T09:54:31.921+0000] {taskinstance.py:2613} INFO - Dependencies all met for dep_context=non-requeueable deps ti=<TaskInstance: urban_data_pipeline.download.download_quartier_paris scheduled__2026-05-01T00:00:00+00:00 [queued]>
[2026-06-28T09:54:31.940+0000] {taskinstance.py:2613} INFO - Dependencies all met for dep_context=requeueable deps ti=<TaskInstance: urban_data_pipeline.download.download_quartier_paris scheduled__2026-05-01T00:00:00+00:00 [queued]>
[2026-06-28T09:54:31.941+0000] {taskinstance.py:2866} INFO - Starting attempt 1 of 3
[2026-06-28T09:54:32.051+0000] {taskinstance.py:2889} INFO - Executing <Task(PythonOperator): download.download_quartier_paris> on 2026-05-01 00:00:00+00:00
[2026-06-28T09:54:32.077+0000] {standard_task_runner.py:104} INFO - Running: ['***', 'tasks', 'run', 'urban_data_pipeline', 'download.download_quartier_paris', 'scheduled__2026-05-01T00:00:00+00:00', '--job-id', '12', '--raw', '--subdir', 'DAGS_FOLDER/urban_data_pipeline_dag.py', '--cfg-path', '/tmp/tmpyoon3qc4']
[2026-06-28T09:54:32.082+0000] {standard_task_runner.py:105} INFO - Job 12: Subtask download.download_quartier_paris
[2026-06-28T09:54:32.086+0000] {logging_mixin.py:190} WARNING - /home/***/.local/lib/python3.12/site-packages/***/task/task_runner/standard_task_runner.py:70 DeprecationWarning: This process (pid=534) is multi-threaded, use of fork() may lead to deadlocks in the child.
[2026-06-28T09:54:32.090+0000] {standard_task_runner.py:72} INFO - Started process 567 to run task
[2026-06-28T09:54:32.288+0000] {task_command.py:467} INFO - Running <TaskInstance: urban_data_pipeline.download.download_quartier_paris scheduled__2026-05-01T00:00:00+00:00 [running]> on host a599c75c3dcc
[2026-06-28T09:54:32.511+0000] {taskinstance.py:3132} INFO - Exporting env vars: AIRFLOW_CTX_DAG_OWNER='urban-data-explorer' AIRFLOW_CTX_DAG_ID='urban_data_pipeline' AIRFLOW_CTX_TASK_ID='download.download_quartier_paris' AIRFLOW_CTX_EXECUTION_DATE='2026-05-01T00:00:00+00:00' AIRFLOW_CTX_TRY_NUMBER='1' AIRFLOW_CTX_DAG_RUN_ID='scheduled__2026-05-01T00:00:00+00:00'
[2026-06-28T09:54:32.516+0000] {taskinstance.py:731} INFO - ::endgroup::
[2026-06-28T09:54:34.660+0000] {logging_mixin.py:190} INFO - quartier_paris: /opt/***/project/data/bronze/reference/quartier_paris.geojson
[2026-06-28T09:54:34.666+0000] {python.py:240} INFO - Done. Returned value was: None
[2026-06-28T09:54:34.690+0000] {taskinstance.py:340} INFO - ::group::Post task execution logs
[2026-06-28T09:54:34.707+0000] {taskinstance.py:352} INFO - Marking task as SUCCESS. dag_id=urban_data_pipeline, task_id=download.download_quartier_paris, run_id=scheduled__2026-05-01T00:00:00+00:00, execution_date=20260501T000000, start_date=20260628T095431, end_date=20260628T095434
[2026-06-28T09:54:34.777+0000] {local_task_job_runner.py:266} INFO - Task exited with return code 0
[2026-06-28T09:54:34.801+0000] {local_task_job_runner.py:245} INFO - ::endgroup::
[2026-06-29T08:21:48.311+0000] {local_task_job_runner.py:123} INFO - ::group::Pre task execution logs
[2026-06-29T08:21:48.342+0000] {taskinstance.py:2613} INFO - Dependencies all met for dep_context=non-requeueable deps ti=<TaskInstance: urban_data_pipeline.download.download_quartier_paris scheduled__2026-05-01T00:00:00+00:00 [queued]>
[2026-06-29T08:21:48.355+0000] {taskinstance.py:2613} INFO - Dependencies all met for dep_context=requeueable deps ti=<TaskInstance: urban_data_pipeline.download.download_quartier_paris scheduled__2026-05-01T00:00:00+00:00 [queued]>
[2026-06-29T08:21:48.360+0000] {taskinstance.py:2866} INFO - Starting attempt 1 of 3
[2026-06-29T08:21:48.398+0000] {taskinstance.py:2889} INFO - Executing <Task(PythonOperator): download.download_quartier_paris> on 2026-05-01 00:00:00+00:00
[2026-06-29T08:21:48.413+0000] {standard_task_runner.py:104} INFO - Running: ['***', 'tasks', 'run', 'urban_data_pipeline', 'download.download_quartier_paris', 'scheduled__2026-05-01T00:00:00+00:00', '--job-id', '111', '--raw', '--subdir', 'DAGS_FOLDER/urban_data_pipeline_dag.py', '--cfg-path', '/tmp/tmp_ekmjb7g']
[2026-06-29T08:21:48.418+0000] {logging_mixin.py:190} WARNING - /home/***/.local/lib/python3.12/site-packages/***/task/task_runner/standard_task_runner.py:70 DeprecationWarning: This process (pid=557) is multi-threaded, use of fork() may lead to deadlocks in the child.
[2026-06-29T08:21:48.419+0000] {standard_task_runner.py:105} INFO - Job 111: Subtask download.download_quartier_paris
[2026-06-29T08:21:48.419+0000] {standard_task_runner.py:72} INFO - Started process 568 to run task
[2026-06-29T08:21:48.553+0000] {task_command.py:467} INFO - Running <TaskInstance: urban_data_pipeline.download.download_quartier_paris scheduled__2026-05-01T00:00:00+00:00 [running]> on host 875a7b04857f
[2026-06-29T08:21:48.687+0000] {taskinstance.py:3132} INFO - Exporting env vars: AIRFLOW_CTX_DAG_OWNER='urban-data-explorer' AIRFLOW_CTX_DAG_ID='urban_data_pipeline' AIRFLOW_CTX_TASK_ID='download.download_quartier_paris' AIRFLOW_CTX_EXECUTION_DATE='2026-05-01T00:00:00+00:00' AIRFLOW_CTX_TRY_NUMBER='1' AIRFLOW_CTX_DAG_RUN_ID='scheduled__2026-05-01T00:00:00+00:00'
[2026-06-29T08:21:48.688+0000] {taskinstance.py:731} INFO - ::endgroup::
[2026-06-29T08:21:49.679+0000] {logging_mixin.py:190} INFO - quartier_paris: /opt/***/project/data/bronze/reference/quartier_paris.geojson
[2026-06-29T08:21:49.680+0000] {python.py:240} INFO - Done. Returned value was: None
[2026-06-29T08:21:49.713+0000] {taskinstance.py:340} INFO - ::group::Post task execution logs
[2026-06-29T08:21:49.732+0000] {taskinstance.py:352} INFO - Marking task as SUCCESS. dag_id=urban_data_pipeline, task_id=download.download_quartier_paris, run_id=scheduled__2026-05-01T00:00:00+00:00, execution_date=20260501T000000, start_date=20260629T082148, end_date=20260629T082149
[2026-06-29T08:21:49.778+0000] {local_task_job_runner.py:266} INFO - Task exited with return code 0
[2026-06-29T08:21:49.792+0000] {local_task_job_runner.py:245} INFO - ::endgroup::
