[2026-06-28T09:54:31.861+0000] {local_task_job_runner.py:123} INFO - ::group::Pre task execution logs
[2026-06-28T09:54:31.900+0000] {taskinstance.py:2613} INFO - Dependencies all met for dep_context=non-requeueable deps ti=<TaskInstance: urban_data_pipeline.download.download_adresses_ban scheduled__2026-05-01T00:00:00+00:00 [queued]>
[2026-06-28T09:54:31.919+0000] {taskinstance.py:2613} INFO - Dependencies all met for dep_context=requeueable deps ti=<TaskInstance: urban_data_pipeline.download.download_adresses_ban scheduled__2026-05-01T00:00:00+00:00 [queued]>
[2026-06-28T09:54:31.920+0000] {taskinstance.py:2866} INFO - Starting attempt 1 of 3
[2026-06-28T09:54:31.954+0000] {taskinstance.py:2889} INFO - Executing <Task(PythonOperator): download.download_adresses_ban> on 2026-05-01 00:00:00+00:00
[2026-06-28T09:54:31.978+0000] {standard_task_runner.py:104} INFO - Running: ['***', 'tasks', 'run', 'urban_data_pipeline', 'download.download_adresses_ban', 'scheduled__2026-05-01T00:00:00+00:00', '--job-id', '10', '--raw', '--subdir', 'DAGS_FOLDER/urban_data_pipeline_dag.py', '--cfg-path', '/tmp/tmpayo4bmno']
[2026-06-28T09:54:31.983+0000] {logging_mixin.py:190} WARNING - /home/***/.local/lib/python3.12/site-packages/***/task/task_runner/standard_task_runner.py:70 DeprecationWarning: This process (pid=531) is multi-threaded, use of fork() may lead to deadlocks in the child.
[2026-06-28T09:54:31.984+0000] {standard_task_runner.py:105} INFO - Job 10: Subtask download.download_adresses_ban
[2026-06-28T09:54:31.985+0000] {standard_task_runner.py:72} INFO - Started process 546 to run task
[2026-06-28T09:54:32.189+0000] {task_command.py:467} INFO - Running <TaskInstance: urban_data_pipeline.download.download_adresses_ban scheduled__2026-05-01T00:00:00+00:00 [running]> on host a599c75c3dcc
[2026-06-28T09:54:32.489+0000] {taskinstance.py:3132} INFO - Exporting env vars: AIRFLOW_CTX_DAG_OWNER='urban-data-explorer' AIRFLOW_CTX_DAG_ID='urban_data_pipeline' AIRFLOW_CTX_TASK_ID='download.download_adresses_ban' AIRFLOW_CTX_EXECUTION_DATE='2026-05-01T00:00:00+00:00' AIRFLOW_CTX_TRY_NUMBER='1' AIRFLOW_CTX_DAG_RUN_ID='scheduled__2026-05-01T00:00:00+00:00'
[2026-06-28T09:54:32.494+0000] {taskinstance.py:731} INFO - ::endgroup::
[2026-06-28T09:54:34.783+0000] {logging_mixin.py:190} INFO - adresses_ban: /opt/***/project/data/bronze/reference/adresses-ban.csv
[2026-06-28T09:54:34.792+0000] {python.py:240} INFO - Done. Returned value was: None
[2026-06-28T09:54:34.820+0000] {taskinstance.py:340} INFO - ::group::Post task execution logs
[2026-06-28T09:54:34.823+0000] {taskinstance.py:352} INFO - Marking task as SUCCESS. dag_id=urban_data_pipeline, task_id=download.download_adresses_ban, run_id=scheduled__2026-05-01T00:00:00+00:00, execution_date=20260501T000000, start_date=20260628T095431, end_date=20260628T095434
[2026-06-28T09:54:34.903+0000] {local_task_job_runner.py:266} INFO - Task exited with return code 0
[2026-06-28T09:54:34.938+0000] {taskinstance.py:3895} INFO - 0 downstream tasks scheduled from follow-on schedule check
[2026-06-28T09:54:34.941+0000] {local_task_job_runner.py:245} INFO - ::endgroup::
[2026-06-29T08:21:48.334+0000] {local_task_job_runner.py:123} INFO - ::group::Pre task execution logs
[2026-06-29T08:21:48.363+0000] {taskinstance.py:2613} INFO - Dependencies all met for dep_context=non-requeueable deps ti=<TaskInstance: urban_data_pipeline.download.download_adresses_ban scheduled__2026-05-01T00:00:00+00:00 [queued]>
[2026-06-29T08:21:48.377+0000] {taskinstance.py:2613} INFO - Dependencies all met for dep_context=requeueable deps ti=<TaskInstance: urban_data_pipeline.download.download_adresses_ban scheduled__2026-05-01T00:00:00+00:00 [queued]>
[2026-06-29T08:21:48.378+0000] {taskinstance.py:2866} INFO - Starting attempt 1 of 3
[2026-06-29T08:21:48.413+0000] {taskinstance.py:2889} INFO - Executing <Task(PythonOperator): download.download_adresses_ban> on 2026-05-01 00:00:00+00:00
[2026-06-29T08:21:48.426+0000] {standard_task_runner.py:104} INFO - Running: ['***', 'tasks', 'run', 'urban_data_pipeline', 'download.download_adresses_ban', 'scheduled__2026-05-01T00:00:00+00:00', '--job-id', '115', '--raw', '--subdir', 'DAGS_FOLDER/urban_data_pipeline_dag.py', '--cfg-path', '/tmp/tmpyr9jnaml']
[2026-06-29T08:21:48.430+0000] {standard_task_runner.py:105} INFO - Job 115: Subtask download.download_adresses_ban
[2026-06-29T08:21:48.431+0000] {logging_mixin.py:190} WARNING - /home/***/.local/lib/python3.12/site-packages/***/task/task_runner/standard_task_runner.py:70 DeprecationWarning: This process (pid=558) is multi-threaded, use of fork() may lead to deadlocks in the child.
[2026-06-29T08:21:48.434+0000] {standard_task_runner.py:72} INFO - Started process 572 to run task
[2026-06-29T08:21:48.560+0000] {task_command.py:467} INFO - Running <TaskInstance: urban_data_pipeline.download.download_adresses_ban scheduled__2026-05-01T00:00:00+00:00 [running]> on host 875a7b04857f
[2026-06-29T08:21:48.709+0000] {taskinstance.py:3132} INFO - Exporting env vars: AIRFLOW_CTX_DAG_OWNER='urban-data-explorer' AIRFLOW_CTX_DAG_ID='urban_data_pipeline' AIRFLOW_CTX_TASK_ID='download.download_adresses_ban' AIRFLOW_CTX_EXECUTION_DATE='2026-05-01T00:00:00+00:00' AIRFLOW_CTX_TRY_NUMBER='1' AIRFLOW_CTX_DAG_RUN_ID='scheduled__2026-05-01T00:00:00+00:00'
[2026-06-29T08:21:48.711+0000] {taskinstance.py:731} INFO - ::endgroup::
[2026-06-29T08:21:49.788+0000] {logging_mixin.py:190} INFO - adresses_ban: /opt/***/project/data/bronze/reference/adresses-ban.csv
[2026-06-29T08:21:49.789+0000] {python.py:240} INFO - Done. Returned value was: None
[2026-06-29T08:21:49.803+0000] {taskinstance.py:340} INFO - ::group::Post task execution logs
[2026-06-29T08:21:49.804+0000] {taskinstance.py:352} INFO - Marking task as SUCCESS. dag_id=urban_data_pipeline, task_id=download.download_adresses_ban, run_id=scheduled__2026-05-01T00:00:00+00:00, execution_date=20260501T000000, start_date=20260629T082148, end_date=20260629T082149
[2026-06-29T08:21:49.862+0000] {local_task_job_runner.py:266} INFO - Task exited with return code 0
[2026-06-29T08:21:49.897+0000] {taskinstance.py:3895} INFO - 0 downstream tasks scheduled from follow-on schedule check
[2026-06-29T08:21:49.900+0000] {local_task_job_runner.py:245} INFO - ::endgroup::
