[2026-06-28T09:54:31.831+0000] {local_task_job_runner.py:123} INFO - ::group::Pre task execution logs
[2026-06-28T09:54:31.879+0000] {taskinstance.py:2613} INFO - Dependencies all met for dep_context=non-requeueable deps ti=<TaskInstance: urban_data_pipeline.download.download_insee_filosofi_2021 scheduled__2026-05-01T00:00:00+00:00 [queued]>
[2026-06-28T09:54:31.895+0000] {taskinstance.py:2613} INFO - Dependencies all met for dep_context=requeueable deps ti=<TaskInstance: urban_data_pipeline.download.download_insee_filosofi_2021 scheduled__2026-05-01T00:00:00+00:00 [queued]>
[2026-06-28T09:54:31.896+0000] {taskinstance.py:2866} INFO - Starting attempt 1 of 3
[2026-06-28T09:54:31.923+0000] {taskinstance.py:2889} INFO - Executing <Task(PythonOperator): download.download_insee_filosofi_2021> on 2026-05-01 00:00:00+00:00
[2026-06-28T09:54:31.948+0000] {standard_task_runner.py:104} INFO - Running: ['***', 'tasks', 'run', 'urban_data_pipeline', 'download.download_insee_filosofi_2021', 'scheduled__2026-05-01T00:00:00+00:00', '--job-id', '2', '--raw', '--subdir', 'DAGS_FOLDER/urban_data_pipeline_dag.py', '--cfg-path', '/tmp/tmp4wus49if']
[2026-06-28T09:54:31.955+0000] {standard_task_runner.py:105} INFO - Job 2: Subtask download.download_insee_filosofi_2021
[2026-06-28T09:54:31.964+0000] {logging_mixin.py:190} WARNING - /home/***/.local/lib/python3.12/site-packages/***/task/task_runner/standard_task_runner.py:70 DeprecationWarning: This process (pid=533) is multi-threaded, use of fork() may lead to deadlocks in the child.
[2026-06-28T09:54:31.966+0000] {standard_task_runner.py:72} INFO - Started process 543 to run task
[2026-06-28T09:54:32.112+0000] {task_command.py:467} INFO - Running <TaskInstance: urban_data_pipeline.download.download_insee_filosofi_2021 scheduled__2026-05-01T00:00:00+00:00 [running]> on host a599c75c3dcc
[2026-06-28T09:54:32.305+0000] {taskinstance.py:3132} INFO - Exporting env vars: AIRFLOW_CTX_DAG_OWNER='urban-data-explorer' AIRFLOW_CTX_DAG_ID='urban_data_pipeline' AIRFLOW_CTX_TASK_ID='download.download_insee_filosofi_2021' AIRFLOW_CTX_EXECUTION_DATE='2026-05-01T00:00:00+00:00' AIRFLOW_CTX_TRY_NUMBER='1' AIRFLOW_CTX_DAG_RUN_ID='scheduled__2026-05-01T00:00:00+00:00'
[2026-06-28T09:54:32.309+0000] {taskinstance.py:731} INFO - ::endgroup::
[2026-06-28T09:54:34.518+0000] {logging_mixin.py:190} INFO - insee_filosofi_2021: /opt/***/project/data/bronze/raw/insee/filosofi-iris-2021.csv.zip
[2026-06-28T09:54:34.520+0000] {python.py:240} INFO - Done. Returned value was: None
[2026-06-28T09:54:34.544+0000] {taskinstance.py:340} INFO - ::group::Post task execution logs
[2026-06-28T09:54:34.549+0000] {taskinstance.py:352} INFO - Marking task as SUCCESS. dag_id=urban_data_pipeline, task_id=download.download_insee_filosofi_2021, run_id=scheduled__2026-05-01T00:00:00+00:00, execution_date=20260501T000000, start_date=20260628T095431, end_date=20260628T095434
[2026-06-28T09:54:34.633+0000] {local_task_job_runner.py:266} INFO - Task exited with return code 0
[2026-06-28T09:54:34.683+0000] {taskinstance.py:3895} INFO - 0 downstream tasks scheduled from follow-on schedule check
[2026-06-28T09:54:34.710+0000] {local_task_job_runner.py:245} INFO - ::endgroup::
[2026-06-29T08:21:48.306+0000] {local_task_job_runner.py:123} INFO - ::group::Pre task execution logs
[2026-06-29T08:21:48.334+0000] {taskinstance.py:2613} INFO - Dependencies all met for dep_context=non-requeueable deps ti=<TaskInstance: urban_data_pipeline.download.download_insee_filosofi_2021 scheduled__2026-05-01T00:00:00+00:00 [queued]>
[2026-06-29T08:21:48.346+0000] {taskinstance.py:2613} INFO - Dependencies all met for dep_context=requeueable deps ti=<TaskInstance: urban_data_pipeline.download.download_insee_filosofi_2021 scheduled__2026-05-01T00:00:00+00:00 [queued]>
[2026-06-29T08:21:48.347+0000] {taskinstance.py:2866} INFO - Starting attempt 1 of 3
[2026-06-29T08:21:48.366+0000] {taskinstance.py:2889} INFO - Executing <Task(PythonOperator): download.download_insee_filosofi_2021> on 2026-05-01 00:00:00+00:00
[2026-06-29T08:21:48.383+0000] {logging_mixin.py:190} WARNING - /home/***/.local/lib/python3.12/site-packages/***/task/task_runner/standard_task_runner.py:70 DeprecationWarning: This process (pid=550) is multi-threaded, use of fork() may lead to deadlocks in the child.
[2026-06-29T08:21:48.378+0000] {standard_task_runner.py:104} INFO - Running: ['***', 'tasks', 'run', 'urban_data_pipeline', 'download.download_insee_filosofi_2021', 'scheduled__2026-05-01T00:00:00+00:00', '--job-id', '109', '--raw', '--subdir', 'DAGS_FOLDER/urban_data_pipeline_dag.py', '--cfg-path', '/tmp/tmpv81anxsr']
[2026-06-29T08:21:48.385+0000] {standard_task_runner.py:72} INFO - Started process 561 to run task
[2026-06-29T08:21:48.386+0000] {standard_task_runner.py:105} INFO - Job 109: Subtask download.download_insee_filosofi_2021
[2026-06-29T08:21:48.498+0000] {task_command.py:467} INFO - Running <TaskInstance: urban_data_pipeline.download.download_insee_filosofi_2021 scheduled__2026-05-01T00:00:00+00:00 [running]> on host 875a7b04857f
[2026-06-29T08:21:48.612+0000] {taskinstance.py:3132} INFO - Exporting env vars: AIRFLOW_CTX_DAG_OWNER='urban-data-explorer' AIRFLOW_CTX_DAG_ID='urban_data_pipeline' AIRFLOW_CTX_TASK_ID='download.download_insee_filosofi_2021' AIRFLOW_CTX_EXECUTION_DATE='2026-05-01T00:00:00+00:00' AIRFLOW_CTX_TRY_NUMBER='1' AIRFLOW_CTX_DAG_RUN_ID='scheduled__2026-05-01T00:00:00+00:00'
[2026-06-29T08:21:48.613+0000] {taskinstance.py:731} INFO - ::endgroup::
[2026-06-29T08:21:49.650+0000] {logging_mixin.py:190} INFO - insee_filosofi_2021: /opt/***/project/data/bronze/raw/insee/filosofi-iris-2021.csv.zip
[2026-06-29T08:21:49.651+0000] {python.py:240} INFO - Done. Returned value was: None
[2026-06-29T08:21:49.663+0000] {taskinstance.py:340} INFO - ::group::Post task execution logs
[2026-06-29T08:21:49.664+0000] {taskinstance.py:352} INFO - Marking task as SUCCESS. dag_id=urban_data_pipeline, task_id=download.download_insee_filosofi_2021, run_id=scheduled__2026-05-01T00:00:00+00:00, execution_date=20260501T000000, start_date=20260629T082148, end_date=20260629T082149
[2026-06-29T08:21:49.697+0000] {local_task_job_runner.py:266} INFO - Task exited with return code 0
[2026-06-29T08:21:49.725+0000] {taskinstance.py:3895} INFO - 0 downstream tasks scheduled from follow-on schedule check
[2026-06-29T08:21:49.739+0000] {local_task_job_runner.py:245} INFO - ::endgroup::
