[2026-07-01T16:47:10.584+0000] {local_task_job_runner.py:123} INFO - ::group::Pre task execution logs
[2026-07-01T16:47:10.600+0000] {taskinstance.py:2613} INFO - Dependencies all met for dep_context=non-requeueable deps ti=<TaskInstance: urban_data_streaming_demo.monitor_pipeline_events __airflow_temporary_run_2026-07-01T16:47:09.684917+00:00__ [queued]>
[2026-07-01T16:47:10.608+0000] {taskinstance.py:2613} INFO - Dependencies all met for dep_context=requeueable deps ti=<TaskInstance: urban_data_streaming_demo.monitor_pipeline_events __airflow_temporary_run_2026-07-01T16:47:09.684917+00:00__ [queued]>
[2026-07-01T16:47:10.610+0000] {taskinstance.py:2866} INFO - Starting attempt 1 of 1
[2026-07-01T16:47:10.625+0000] {taskinstance.py:2889} INFO - Executing <Task(PythonOperator): monitor_pipeline_events> on 2026-07-01 16:47:09.684898+00:00
[2026-07-01T16:47:10.632+0000] {standard_task_runner.py:104} INFO - Running: ['***', 'tasks', 'run', 'urban_data_streaming_demo', 'monitor_pipeline_events', '__***_temporary_run_2026-07-01T16:47:09.684917+00:00__', '--job-id', '145', '--raw', '--subdir', 'DAGS_FOLDER/urban_data_streaming_dag.py', '--cfg-path', '/tmp/tmpby9u6nhy']
[2026-07-01T16:47:10.635+0000] {standard_task_runner.py:105} INFO - Job 145: Subtask monitor_pipeline_events
[2026-07-01T16:47:10.635+0000] {logging_mixin.py:190} WARNING - /home/***/.local/lib/python3.12/site-packages/***/task/task_runner/standard_task_runner.py:70 DeprecationWarning: This process (pid=3268) is multi-threaded, use of fork() may lead to deadlocks in the child.
[2026-07-01T16:47:10.636+0000] {standard_task_runner.py:72} INFO - Started process 3270 to run task
[2026-07-01T16:47:10.712+0000] {task_command.py:467} INFO - Running <TaskInstance: urban_data_streaming_demo.monitor_pipeline_events __airflow_temporary_run_2026-07-01T16:47:09.684917+00:00__ [running]> on host 89761de2adae
[2026-07-01T16:47:10.807+0000] {taskinstance.py:3132} INFO - Exporting env vars: AIRFLOW_CTX_DAG_OWNER='urban-data-explorer' AIRFLOW_CTX_DAG_ID='urban_data_streaming_demo' AIRFLOW_CTX_TASK_ID='monitor_pipeline_events' AIRFLOW_CTX_EXECUTION_DATE='2026-07-01T16:47:09.684898+00:00' AIRFLOW_CTX_TRY_NUMBER='1' AIRFLOW_CTX_DAG_RUN_ID='__***_temporary_run_2026-07-01T16:47:09.684917+00:00__'
[2026-07-01T16:47:10.809+0000] {taskinstance.py:731} INFO - ::endgroup::
[2026-07-01T16:47:12.079+0000] {logging_mixin.py:190} INFO - Evenements du pipeline (temps reel) :
[2026-07-01T16:47:15.085+0000] {logging_mixin.py:190} INFO -   (aucun nouvel evenement — lancez d'abord le DAG 'urban_data_pipeline')
[2026-07-01T16:47:15.092+0000] {logging_mixin.py:190} INFO - 
0 nouvel(s) evenement(s) consomme(s). Total stream : 4 evenements | 4 ok | 0 erreur(s) | duree cumulee 25600 ms.
[2026-07-01T16:47:15.093+0000] {python.py:240} INFO - Done. Returned value was: None
[2026-07-01T16:47:15.133+0000] {taskinstance.py:340} INFO - ::group::Post task execution logs
[2026-07-01T16:47:15.134+0000] {taskinstance.py:352} INFO - Marking task as SUCCESS. dag_id=urban_data_streaming_demo, task_id=monitor_pipeline_events, run_id=__***_temporary_run_2026-07-01T16:47:09.684917+00:00__, execution_date=20260701T164709, start_date=20260701T164710, end_date=20260701T164715
[2026-07-01T16:47:15.212+0000] {local_task_job_runner.py:266} INFO - Task exited with return code 0
[2026-07-01T16:47:15.223+0000] {local_task_job_runner.py:245} INFO - ::endgroup::
