[2026-06-28T09:54:31.863+0000] {local_task_job_runner.py:123} INFO - ::group::Pre task execution logs
[2026-06-28T09:54:31.923+0000] {taskinstance.py:2613} INFO - Dependencies all met for dep_context=non-requeueable deps ti=<TaskInstance: urban_data_pipeline.download.download_dvf_2024_paris scheduled__2026-05-01T00:00:00+00:00 [queued]>
[2026-06-28T09:54:31.949+0000] {taskinstance.py:2613} INFO - Dependencies all met for dep_context=requeueable deps ti=<TaskInstance: urban_data_pipeline.download.download_dvf_2024_paris scheduled__2026-05-01T00:00:00+00:00 [queued]>
[2026-06-28T09:54:31.950+0000] {taskinstance.py:2866} INFO - Starting attempt 1 of 3
[2026-06-28T09:54:32.032+0000] {taskinstance.py:2889} INFO - Executing <Task(PythonOperator): download.download_dvf_2024_paris> on 2026-05-01 00:00:00+00:00
[2026-06-28T09:54:32.060+0000] {logging_mixin.py:190} WARNING - /home/***/.local/lib/python3.12/site-packages/***/task/task_runner/standard_task_runner.py:70 DeprecationWarning: This process (pid=542) is multi-threaded, use of fork() may lead to deadlocks in the child.
[2026-06-28T09:54:32.070+0000] {standard_task_runner.py:72} INFO - Started process 564 to run task
[2026-06-28T09:54:32.060+0000] {standard_task_runner.py:104} INFO - Running: ['***', 'tasks', 'run', 'urban_data_pipeline', 'download.download_dvf_2024_paris', 'scheduled__2026-05-01T00:00:00+00:00', '--job-id', '8', '--raw', '--subdir', 'DAGS_FOLDER/urban_data_pipeline_dag.py', '--cfg-path', '/tmp/tmpxm6mlk9o']
[2026-06-28T09:54:32.079+0000] {standard_task_runner.py:105} INFO - Job 8: Subtask download.download_dvf_2024_paris
[2026-06-28T09:54:32.269+0000] {task_command.py:467} INFO - Running <TaskInstance: urban_data_pipeline.download.download_dvf_2024_paris scheduled__2026-05-01T00:00:00+00:00 [running]> on host a599c75c3dcc
[2026-06-28T09:54:32.544+0000] {taskinstance.py:3132} INFO - Exporting env vars: AIRFLOW_CTX_DAG_OWNER='urban-data-explorer' AIRFLOW_CTX_DAG_ID='urban_data_pipeline' AIRFLOW_CTX_TASK_ID='download.download_dvf_2024_paris' AIRFLOW_CTX_EXECUTION_DATE='2026-05-01T00:00:00+00:00' AIRFLOW_CTX_TRY_NUMBER='1' AIRFLOW_CTX_DAG_RUN_ID='scheduled__2026-05-01T00:00:00+00:00'
[2026-06-28T09:54:32.548+0000] {taskinstance.py:731} INFO - ::endgroup::
[2026-06-28T09:54:34.841+0000] {logging_mixin.py:190} INFO - dvf_2024_paris: /opt/***/project/data/bronze/raw/dvf/valeursfoncieres-2024-paris.csv
[2026-06-28T09:54:34.842+0000] {python.py:240} INFO - Done. Returned value was: None
[2026-06-28T09:54:34.863+0000] {taskinstance.py:340} INFO - ::group::Post task execution logs
[2026-06-28T09:54:34.874+0000] {taskinstance.py:352} INFO - Marking task as SUCCESS. dag_id=urban_data_pipeline, task_id=download.download_dvf_2024_paris, run_id=scheduled__2026-05-01T00:00:00+00:00, execution_date=20260501T000000, start_date=20260628T095431, end_date=20260628T095434
[2026-06-28T09:54:34.945+0000] {local_task_job_runner.py:266} INFO - Task exited with return code 0
[2026-06-28T09:54:34.976+0000] {taskinstance.py:3895} INFO - 0 downstream tasks scheduled from follow-on schedule check
[2026-06-28T09:54:34.979+0000] {local_task_job_runner.py:245} INFO - ::endgroup::
[2026-06-29T08:21:48.313+0000] {local_task_job_runner.py:123} INFO - ::group::Pre task execution logs
[2026-06-29T08:21:48.342+0000] {taskinstance.py:2613} INFO - Dependencies all met for dep_context=non-requeueable deps ti=<TaskInstance: urban_data_pipeline.download.download_dvf_2024_paris scheduled__2026-05-01T00:00:00+00:00 [queued]>
[2026-06-29T08:21:48.354+0000] {taskinstance.py:2613} INFO - Dependencies all met for dep_context=requeueable deps ti=<TaskInstance: urban_data_pipeline.download.download_dvf_2024_paris scheduled__2026-05-01T00:00:00+00:00 [queued]>
[2026-06-29T08:21:48.354+0000] {taskinstance.py:2866} INFO - Starting attempt 1 of 3
[2026-06-29T08:21:48.421+0000] {taskinstance.py:2889} INFO - Executing <Task(PythonOperator): download.download_dvf_2024_paris> on 2026-05-01 00:00:00+00:00
[2026-06-29T08:21:48.434+0000] {standard_task_runner.py:104} INFO - Running: ['***', 'tasks', 'run', 'urban_data_pipeline', 'download.download_dvf_2024_paris', 'scheduled__2026-05-01T00:00:00+00:00', '--job-id', '112', '--raw', '--subdir', 'DAGS_FOLDER/urban_data_pipeline_dag.py', '--cfg-path', '/tmp/tmpbb51_y6i']
[2026-06-29T08:21:48.440+0000] {standard_task_runner.py:105} INFO - Job 112: Subtask download.download_dvf_2024_paris
[2026-06-29T08:21:48.441+0000] {logging_mixin.py:190} WARNING - /home/***/.local/lib/python3.12/site-packages/***/task/task_runner/standard_task_runner.py:70 DeprecationWarning: This process (pid=548) is multi-threaded, use of fork() may lead to deadlocks in the child.
[2026-06-29T08:21:48.442+0000] {standard_task_runner.py:72} INFO - Started process 576 to run task
[2026-06-29T08:21:48.560+0000] {task_command.py:467} INFO - Running <TaskInstance: urban_data_pipeline.download.download_dvf_2024_paris scheduled__2026-05-01T00:00:00+00:00 [running]> on host 875a7b04857f
[2026-06-29T08:21:48.677+0000] {taskinstance.py:3132} INFO - Exporting env vars: AIRFLOW_CTX_DAG_OWNER='urban-data-explorer' AIRFLOW_CTX_DAG_ID='urban_data_pipeline' AIRFLOW_CTX_TASK_ID='download.download_dvf_2024_paris' AIRFLOW_CTX_EXECUTION_DATE='2026-05-01T00:00:00+00:00' AIRFLOW_CTX_TRY_NUMBER='1' AIRFLOW_CTX_DAG_RUN_ID='scheduled__2026-05-01T00:00:00+00:00'
[2026-06-29T08:21:48.679+0000] {taskinstance.py:731} INFO - ::endgroup::
[2026-06-29T08:21:49.677+0000] {logging_mixin.py:190} INFO - dvf_2024_paris: /opt/***/project/data/bronze/raw/dvf/valeursfoncieres-2024-paris.csv
[2026-06-29T08:21:49.678+0000] {python.py:240} INFO - Done. Returned value was: None
[2026-06-29T08:21:49.692+0000] {taskinstance.py:340} INFO - ::group::Post task execution logs
[2026-06-29T08:21:49.694+0000] {taskinstance.py:352} INFO - Marking task as SUCCESS. dag_id=urban_data_pipeline, task_id=download.download_dvf_2024_paris, run_id=scheduled__2026-05-01T00:00:00+00:00, execution_date=20260501T000000, start_date=20260629T082148, end_date=20260629T082149
[2026-06-29T08:21:49.762+0000] {local_task_job_runner.py:266} INFO - Task exited with return code 0
[2026-06-29T08:21:49.790+0000] {local_task_job_runner.py:245} INFO - ::endgroup::
