[2026-06-28T16:37:54.457+0000] {local_task_job_runner.py:123} INFO - ::group::Pre task execution logs
[2026-06-28T16:37:54.488+0000] {taskinstance.py:2613} INFO - Dependencies all met for dep_context=non-requeueable deps ti=<TaskInstance: urban_data_pipeline.build_silver_gold manual_20260628T161744 [queued]>
[2026-06-28T16:37:54.503+0000] {taskinstance.py:2613} INFO - Dependencies all met for dep_context=requeueable deps ti=<TaskInstance: urban_data_pipeline.build_silver_gold manual_20260628T161744 [queued]>
[2026-06-28T16:37:54.504+0000] {taskinstance.py:2866} INFO - Starting attempt 3 of 3
[2026-06-28T16:37:54.527+0000] {taskinstance.py:2889} INFO - Executing <Task(PythonOperator): build_silver_gold> on 2026-06-28 16:17:50+00:00
[2026-06-28T16:37:54.540+0000] {standard_task_runner.py:104} INFO - Running: ['***', 'tasks', 'run', 'urban_data_pipeline', 'build_silver_gold', 'manual_20260628T161744', '--job-id', '89', '--raw', '--subdir', 'DAGS_FOLDER/urban_data_pipeline_dag.py', '--cfg-path', '/tmp/tmpln785j_j']
[2026-06-28T16:37:54.545+0000] {standard_task_runner.py:105} INFO - Job 89: Subtask build_silver_gold
[2026-06-28T16:37:54.546+0000] {logging_mixin.py:190} WARNING - /home/***/.local/lib/python3.12/site-packages/***/task/task_runner/standard_task_runner.py:70 DeprecationWarning: This process (pid=1656) is multi-threaded, use of fork() may lead to deadlocks in the child.
[2026-06-28T16:37:54.549+0000] {standard_task_runner.py:72} INFO - Started process 1657 to run task
[2026-06-28T16:37:54.653+0000] {task_command.py:467} INFO - Running <TaskInstance: urban_data_pipeline.build_silver_gold manual_20260628T161744 [running]> on host 875a7b04857f
[2026-06-28T16:37:54.777+0000] {taskinstance.py:3132} INFO - Exporting env vars: AIRFLOW_CTX_DAG_OWNER='urban-data-explorer' AIRFLOW_CTX_DAG_ID='urban_data_pipeline' AIRFLOW_CTX_TASK_ID='build_silver_gold' AIRFLOW_CTX_EXECUTION_DATE='2026-06-28T16:17:50+00:00' AIRFLOW_CTX_TRY_NUMBER='3' AIRFLOW_CTX_DAG_RUN_ID='manual_20260628T161744'
[2026-06-28T16:37:54.780+0000] {taskinstance.py:731} INFO - ::endgroup::
[2026-06-28T16:41:33.515+0000] {logging_mixin.py:190} INFO - silver_sales: silver_sales_yearly
[2026-06-28T16:41:33.516+0000] {logging_mixin.py:190} INFO - silver_sales_quartier: silver_sales_quartier_yearly
[2026-06-28T16:41:33.517+0000] {logging_mixin.py:190} INFO - silver_sales_iris: silver_sales_iris_yearly
[2026-06-28T16:41:33.518+0000] {logging_mixin.py:190} INFO - silver_sales_geocoded: silver_sales_geocoded
[2026-06-28T16:41:33.519+0000] {logging_mixin.py:190} INFO - silver_sales_street: silver_sales_street_yearly
[2026-06-28T16:41:33.520+0000] {logging_mixin.py:190} INFO - silver_sales_building: silver_sales_building_yearly
[2026-06-28T16:41:33.521+0000] {logging_mixin.py:190} INFO - silver_income: silver_income_arrondissement
[2026-06-28T16:41:33.522+0000] {logging_mixin.py:190} INFO - silver_rents: silver_rents_yearly
[2026-06-28T16:41:33.522+0000] {logging_mixin.py:190} INFO - silver_social: silver_social_yearly
[2026-06-28T16:41:33.523+0000] {logging_mixin.py:190} INFO - silver_noise: silver_noise_arrondissement
[2026-06-28T16:41:33.524+0000] {logging_mixin.py:190} INFO - gold_summary: gold_arrondissement_summary
[2026-06-28T16:41:33.525+0000] {logging_mixin.py:190} INFO - gold_sales: gold_sales_yearly
[2026-06-28T16:41:33.526+0000] {logging_mixin.py:190} INFO - gold_sales_quartier: gold_sales_quartier_yearly
[2026-06-28T16:41:33.527+0000] {logging_mixin.py:190} INFO - gold_sales_iris: gold_sales_iris_yearly
[2026-06-28T16:41:33.528+0000] {logging_mixin.py:190} INFO - gold_sales_geocoded: gold_sales_geocoded
[2026-06-28T16:41:33.529+0000] {logging_mixin.py:190} INFO - gold_sales_street: gold_sales_street_yearly
[2026-06-28T16:41:33.530+0000] {logging_mixin.py:190} INFO - gold_sales_building: gold_sales_building_yearly
[2026-06-28T16:41:33.530+0000] {logging_mixin.py:190} INFO - gold_social: gold_social_yearly
[2026-06-28T16:41:33.531+0000] {logging_mixin.py:190} INFO - gold_rents: gold_rents_yearly
[2026-06-28T16:41:33.533+0000] {logging_mixin.py:190} INFO - gold_income: gold_income_arrondissement
[2026-06-28T16:41:33.534+0000] {logging_mixin.py:190} INFO - gold_noise: gold_noise_arrondissement
[2026-06-28T16:41:33.535+0000] {logging_mixin.py:190} INFO - gold_geojson: gold_arrondissements_geojson
[2026-06-28T16:41:33.536+0000] {logging_mixin.py:190} INFO - gold_quartiers_geojson: gold_quartiers_geojson
[2026-06-28T16:41:33.537+0000] {logging_mixin.py:190} INFO - gold_streets_geojson: gold_streets_geojson
[2026-06-28T16:41:33.538+0000] {logging_mixin.py:190} INFO - gold_iris_geojson: gold_iris_geojson
[2026-06-28T16:41:33.538+0000] {logging_mixin.py:190} INFO - gold_spatial_coverage: gold_documents/gold_sales_spatial_coverage
[2026-06-28T16:41:33.539+0000] {logging_mixin.py:190} INFO - gold_dashboard: gold_documents/gold_dashboard_metadata
[2026-06-28T16:41:33.540+0000] {logging_mixin.py:190} INFO - lake:silver:sales_yearly: /opt/***/project/data/silver/sales_yearly
[2026-06-28T16:41:33.541+0000] {logging_mixin.py:190} INFO - lake:silver:sales_quartier_yearly: /opt/***/project/data/silver/sales_quartier_yearly
[2026-06-28T16:41:33.542+0000] {logging_mixin.py:190} INFO - lake:silver:sales_iris_yearly: /opt/***/project/data/silver/sales_iris_yearly
[2026-06-28T16:41:33.543+0000] {logging_mixin.py:190} INFO - lake:silver:sales_geocoded: /opt/***/project/data/silver/sales_geocoded
[2026-06-28T16:41:33.544+0000] {logging_mixin.py:190} INFO - lake:silver:sales_street_yearly: /opt/***/project/data/silver/sales_street_yearly
[2026-06-28T16:41:33.545+0000] {logging_mixin.py:190} INFO - lake:silver:sales_building_yearly: /opt/***/project/data/silver/sales_building_yearly
[2026-06-28T16:41:33.546+0000] {logging_mixin.py:190} INFO - lake:silver:income_arrondissement: /opt/***/project/data/silver/income_arrondissement
[2026-06-28T16:41:33.547+0000] {logging_mixin.py:190} INFO - lake:silver:rents_yearly: /opt/***/project/data/silver/rents_yearly
[2026-06-28T16:41:33.548+0000] {logging_mixin.py:190} INFO - lake:silver:social_yearly: /opt/***/project/data/silver/social_yearly
[2026-06-28T16:41:33.549+0000] {logging_mixin.py:190} INFO - lake:silver:noise_arrondissement: /opt/***/project/data/silver/noise_arrondissement
[2026-06-28T16:41:33.550+0000] {logging_mixin.py:190} INFO - lake:gold:arrondissement_summary: /opt/***/project/data/gold/arrondissement_summary
[2026-06-28T16:41:33.551+0000] {logging_mixin.py:190} INFO - lake:gold:sales_yearly: /opt/***/project/data/gold/sales_yearly
[2026-06-28T16:41:33.551+0000] {logging_mixin.py:190} INFO - lake:gold:sales_quartier_yearly: /opt/***/project/data/gold/sales_quartier_yearly
[2026-06-28T16:41:33.552+0000] {logging_mixin.py:190} INFO - lake:gold:sales_iris_yearly: /opt/***/project/data/gold/sales_iris_yearly
[2026-06-28T16:41:33.553+0000] {logging_mixin.py:190} INFO - lake:gold:sales_geocoded: /opt/***/project/data/gold/sales_geocoded
[2026-06-28T16:41:33.554+0000] {logging_mixin.py:190} INFO - lake:gold:sales_street_yearly: /opt/***/project/data/gold/sales_street_yearly
[2026-06-28T16:41:33.555+0000] {logging_mixin.py:190} INFO - lake:gold:sales_building_yearly: /opt/***/project/data/gold/sales_building_yearly
[2026-06-28T16:41:33.556+0000] {logging_mixin.py:190} INFO - lake:gold:social_yearly: /opt/***/project/data/gold/social_yearly
[2026-06-28T16:41:33.557+0000] {logging_mixin.py:190} INFO - lake:gold:rents_yearly: /opt/***/project/data/gold/rents_yearly
[2026-06-28T16:41:33.558+0000] {logging_mixin.py:190} INFO - lake:gold:income_arrondissement: /opt/***/project/data/gold/income_arrondissement
[2026-06-28T16:41:33.559+0000] {logging_mixin.py:190} INFO - lake:gold:noise_arrondissement: /opt/***/project/data/gold/noise_arrondissement
[2026-06-28T16:41:33.561+0000] {logging_mixin.py:190} INFO - constraint:gold_arrondissement_summary.PRIMARY: ok
[2026-06-28T16:41:33.562+0000] {logging_mixin.py:190} INFO - constraint:gold_sales_yearly.PRIMARY: ok
[2026-06-28T16:41:33.563+0000] {logging_mixin.py:190} INFO - constraint:gold_income_arrondissement.PRIMARY: ok
[2026-06-28T16:41:33.564+0000] {logging_mixin.py:190} INFO - constraint:gold_rents_yearly.PRIMARY: ok
[2026-06-28T16:41:33.565+0000] {logging_mixin.py:190} INFO - constraint:gold_social_yearly.PRIMARY: ok
[2026-06-28T16:41:33.565+0000] {logging_mixin.py:190} INFO - constraint:gold_noise_arrondissement.PRIMARY: ok
[2026-06-28T16:41:33.566+0000] {logging_mixin.py:190} INFO - constraint:gold_sales_quartier_yearly.idx_arrondissement_year: ok
[2026-06-28T16:41:33.567+0000] {logging_mixin.py:190} INFO - constraint:gold_sales_iris_yearly.idx_arrondissement_year: ok
[2026-06-28T16:41:33.568+0000] {logging_mixin.py:190} INFO - constraint:gold_sales_street_yearly.idx_arrondissement_year: ok
[2026-06-28T16:41:33.569+0000] {logging_mixin.py:190} INFO - constraint:gold_sales_building_yearly.idx_arrondissement_year: ok
[2026-06-28T16:41:33.570+0000] {logging_mixin.py:190} INFO - pipeline_metrics: /opt/***/project/reports/pipeline_metrics.csv
[2026-06-28T16:41:33.571+0000] {logging_mixin.py:190} INFO - pipeline_total_seconds: 216.953
[2026-06-28T16:41:33.572+0000] {python.py:240} INFO - Done. Returned value was: None
[2026-06-28T16:41:33.585+0000] {taskinstance.py:340} INFO - ::group::Post task execution logs
[2026-06-28T16:41:33.586+0000] {taskinstance.py:352} INFO - Marking task as SUCCESS. dag_id=urban_data_pipeline, task_id=build_silver_gold, run_id=manual_20260628T161744, execution_date=20260628T161750, start_date=20260628T163754, end_date=20260628T164133
[2026-06-28T16:41:33.661+0000] {local_task_job_runner.py:266} INFO - Task exited with return code 0
[2026-06-28T16:41:33.715+0000] {taskinstance.py:3895} INFO - 1 downstream tasks scheduled from follow-on schedule check
[2026-06-28T16:41:33.724+0000] {local_task_job_runner.py:245} INFO - ::endgroup::
