[2026-06-29T08:18:40.013+0000] {local_task_job_runner.py:123} INFO - ::group::Pre task execution logs
[2026-06-29T08:18:40.035+0000] {taskinstance.py:2613} INFO - Dependencies all met for dep_context=non-requeueable deps ti=<TaskInstance: urban_data_pipeline.build_silver_gold manual__2026-06-29T08:18:31+00:00 [queued]>
[2026-06-29T08:18:40.053+0000] {taskinstance.py:2613} INFO - Dependencies all met for dep_context=requeueable deps ti=<TaskInstance: urban_data_pipeline.build_silver_gold manual__2026-06-29T08:18:31+00:00 [queued]>
[2026-06-29T08:18:40.055+0000] {taskinstance.py:2866} INFO - Starting attempt 1 of 3
[2026-06-29T08:18:40.075+0000] {taskinstance.py:2889} INFO - Executing <Task(PythonOperator): build_silver_gold> on 2026-06-29 08:18:31+00:00
[2026-06-29T08:18:40.083+0000] {standard_task_runner.py:104} INFO - Running: ['***', 'tasks', 'run', 'urban_data_pipeline', 'build_silver_gold', 'manual__2026-06-29T08:18:31+00:00', '--job-id', '106', '--raw', '--subdir', 'DAGS_FOLDER/urban_data_pipeline_dag.py', '--cfg-path', '/tmp/tmpiv18wkhz']
[2026-06-29T08:18:40.086+0000] {standard_task_runner.py:105} INFO - Job 106: Subtask build_silver_gold
[2026-06-29T08:18:40.086+0000] {logging_mixin.py:190} WARNING - /home/***/.local/lib/python3.12/site-packages/***/task/task_runner/standard_task_runner.py:70 DeprecationWarning: This process (pid=348) is multi-threaded, use of fork() may lead to deadlocks in the child.
[2026-06-29T08:18:40.089+0000] {standard_task_runner.py:72} INFO - Started process 349 to run task
[2026-06-29T08:18:40.193+0000] {task_command.py:467} INFO - Running <TaskInstance: urban_data_pipeline.build_silver_gold manual__2026-06-29T08:18:31+00:00 [running]> on host 875a7b04857f
[2026-06-29T08:18:40.314+0000] {taskinstance.py:3132} INFO - Exporting env vars: AIRFLOW_CTX_DAG_OWNER='urban-data-explorer' AIRFLOW_CTX_DAG_ID='urban_data_pipeline' AIRFLOW_CTX_TASK_ID='build_silver_gold' AIRFLOW_CTX_EXECUTION_DATE='2026-06-29T08:18:31+00:00' AIRFLOW_CTX_TRY_NUMBER='1' AIRFLOW_CTX_DAG_RUN_ID='manual__2026-06-29T08:18:31+00:00'
[2026-06-29T08:18:40.319+0000] {taskinstance.py:731} INFO - ::endgroup::
[2026-06-29T08:21:15.793+0000] {logging_mixin.py:190} INFO - silver_sales: silver_sales_yearly
[2026-06-29T08:21:15.794+0000] {logging_mixin.py:190} INFO - silver_sales_quartier: silver_sales_quartier_yearly
[2026-06-29T08:21:15.795+0000] {logging_mixin.py:190} INFO - silver_sales_iris: silver_sales_iris_yearly
[2026-06-29T08:21:15.795+0000] {logging_mixin.py:190} INFO - silver_sales_geocoded: silver_sales_geocoded
[2026-06-29T08:21:15.796+0000] {logging_mixin.py:190} INFO - silver_sales_street: silver_sales_street_yearly
[2026-06-29T08:21:15.797+0000] {logging_mixin.py:190} INFO - silver_sales_building: silver_sales_building_yearly
[2026-06-29T08:21:15.798+0000] {logging_mixin.py:190} INFO - silver_income: silver_income_arrondissement
[2026-06-29T08:21:15.799+0000] {logging_mixin.py:190} INFO - silver_rents: silver_rents_yearly
[2026-06-29T08:21:15.800+0000] {logging_mixin.py:190} INFO - silver_social: silver_social_yearly
[2026-06-29T08:21:15.801+0000] {logging_mixin.py:190} INFO - silver_noise: silver_noise_arrondissement
[2026-06-29T08:21:15.802+0000] {logging_mixin.py:190} INFO - gold_summary: gold_arrondissement_summary
[2026-06-29T08:21:15.804+0000] {logging_mixin.py:190} INFO - gold_sales: gold_sales_yearly
[2026-06-29T08:21:15.805+0000] {logging_mixin.py:190} INFO - gold_sales_quartier: gold_sales_quartier_yearly
[2026-06-29T08:21:15.806+0000] {logging_mixin.py:190} INFO - gold_sales_iris: gold_sales_iris_yearly
[2026-06-29T08:21:15.807+0000] {logging_mixin.py:190} INFO - gold_sales_geocoded: gold_sales_geocoded
[2026-06-29T08:21:15.808+0000] {logging_mixin.py:190} INFO - gold_sales_street: gold_sales_street_yearly
[2026-06-29T08:21:15.809+0000] {logging_mixin.py:190} INFO - gold_sales_building: gold_sales_building_yearly
[2026-06-29T08:21:15.811+0000] {logging_mixin.py:190} INFO - gold_social: gold_social_yearly
[2026-06-29T08:21:15.812+0000] {logging_mixin.py:190} INFO - gold_rents: gold_rents_yearly
[2026-06-29T08:21:15.813+0000] {logging_mixin.py:190} INFO - gold_income: gold_income_arrondissement
[2026-06-29T08:21:15.814+0000] {logging_mixin.py:190} INFO - gold_noise: gold_noise_arrondissement
[2026-06-29T08:21:15.815+0000] {logging_mixin.py:190} INFO - gold_geojson: gold_arrondissements_geojson
[2026-06-29T08:21:15.815+0000] {logging_mixin.py:190} INFO - gold_quartiers_geojson: gold_quartiers_geojson
[2026-06-29T08:21:15.816+0000] {logging_mixin.py:190} INFO - gold_streets_geojson: gold_streets_geojson
[2026-06-29T08:21:15.817+0000] {logging_mixin.py:190} INFO - gold_iris_geojson: gold_iris_geojson
[2026-06-29T08:21:15.818+0000] {logging_mixin.py:190} INFO - gold_spatial_coverage: gold_documents/gold_sales_spatial_coverage
[2026-06-29T08:21:15.819+0000] {logging_mixin.py:190} INFO - gold_dashboard: gold_documents/gold_dashboard_metadata
[2026-06-29T08:21:15.820+0000] {logging_mixin.py:190} INFO - lake:silver:sales_yearly: /opt/***/project/data/silver/sales_yearly
[2026-06-29T08:21:15.821+0000] {logging_mixin.py:190} INFO - lake:silver:sales_quartier_yearly: /opt/***/project/data/silver/sales_quartier_yearly
[2026-06-29T08:21:15.822+0000] {logging_mixin.py:190} INFO - lake:silver:sales_iris_yearly: /opt/***/project/data/silver/sales_iris_yearly
[2026-06-29T08:21:15.823+0000] {logging_mixin.py:190} INFO - lake:silver:sales_geocoded: /opt/***/project/data/silver/sales_geocoded
[2026-06-29T08:21:15.824+0000] {logging_mixin.py:190} INFO - lake:silver:sales_street_yearly: /opt/***/project/data/silver/sales_street_yearly
[2026-06-29T08:21:15.825+0000] {logging_mixin.py:190} INFO - lake:silver:sales_building_yearly: /opt/***/project/data/silver/sales_building_yearly
[2026-06-29T08:21:15.826+0000] {logging_mixin.py:190} INFO - lake:silver:income_arrondissement: /opt/***/project/data/silver/income_arrondissement
[2026-06-29T08:21:15.827+0000] {logging_mixin.py:190} INFO - lake:silver:rents_yearly: /opt/***/project/data/silver/rents_yearly
[2026-06-29T08:21:15.828+0000] {logging_mixin.py:190} INFO - lake:silver:social_yearly: /opt/***/project/data/silver/social_yearly
[2026-06-29T08:21:15.829+0000] {logging_mixin.py:190} INFO - lake:silver:noise_arrondissement: /opt/***/project/data/silver/noise_arrondissement
[2026-06-29T08:21:15.831+0000] {logging_mixin.py:190} INFO - lake:gold:arrondissement_summary: /opt/***/project/data/gold/arrondissement_summary
[2026-06-29T08:21:15.832+0000] {logging_mixin.py:190} INFO - lake:gold:sales_yearly: /opt/***/project/data/gold/sales_yearly
[2026-06-29T08:21:15.833+0000] {logging_mixin.py:190} INFO - lake:gold:sales_quartier_yearly: /opt/***/project/data/gold/sales_quartier_yearly
[2026-06-29T08:21:15.834+0000] {logging_mixin.py:190} INFO - lake:gold:sales_iris_yearly: /opt/***/project/data/gold/sales_iris_yearly
[2026-06-29T08:21:15.835+0000] {logging_mixin.py:190} INFO - lake:gold:sales_geocoded: /opt/***/project/data/gold/sales_geocoded
[2026-06-29T08:21:15.836+0000] {logging_mixin.py:190} INFO - lake:gold:sales_street_yearly: /opt/***/project/data/gold/sales_street_yearly
[2026-06-29T08:21:15.837+0000] {logging_mixin.py:190} INFO - lake:gold:sales_building_yearly: /opt/***/project/data/gold/sales_building_yearly
[2026-06-29T08:21:15.838+0000] {logging_mixin.py:190} INFO - lake:gold:social_yearly: /opt/***/project/data/gold/social_yearly
[2026-06-29T08:21:15.839+0000] {logging_mixin.py:190} INFO - lake:gold:rents_yearly: /opt/***/project/data/gold/rents_yearly
[2026-06-29T08:21:15.840+0000] {logging_mixin.py:190} INFO - lake:gold:income_arrondissement: /opt/***/project/data/gold/income_arrondissement
[2026-06-29T08:21:15.841+0000] {logging_mixin.py:190} INFO - lake:gold:noise_arrondissement: /opt/***/project/data/gold/noise_arrondissement
[2026-06-29T08:21:15.842+0000] {logging_mixin.py:190} INFO - constraint:gold_arrondissement_summary.PRIMARY: ok
[2026-06-29T08:21:15.844+0000] {logging_mixin.py:190} INFO - constraint:gold_sales_yearly.PRIMARY: ok
[2026-06-29T08:21:15.845+0000] {logging_mixin.py:190} INFO - constraint:gold_income_arrondissement.PRIMARY: ok
[2026-06-29T08:21:15.846+0000] {logging_mixin.py:190} INFO - constraint:gold_rents_yearly.PRIMARY: ok
[2026-06-29T08:21:15.847+0000] {logging_mixin.py:190} INFO - constraint:gold_social_yearly.PRIMARY: ok
[2026-06-29T08:21:15.848+0000] {logging_mixin.py:190} INFO - constraint:gold_noise_arrondissement.PRIMARY: ok
[2026-06-29T08:21:15.848+0000] {logging_mixin.py:190} INFO - constraint:gold_sales_quartier_yearly.idx_arrondissement_year: ok
[2026-06-29T08:21:15.849+0000] {logging_mixin.py:190} INFO - constraint:gold_sales_iris_yearly.idx_arrondissement_year: ok
[2026-06-29T08:21:15.850+0000] {logging_mixin.py:190} INFO - constraint:gold_sales_street_yearly.idx_arrondissement_year: ok
[2026-06-29T08:21:15.851+0000] {logging_mixin.py:190} INFO - constraint:gold_sales_building_yearly.idx_arrondissement_year: ok
[2026-06-29T08:21:15.852+0000] {logging_mixin.py:190} INFO - pipeline_metrics: /opt/***/project/reports/pipeline_metrics.csv
[2026-06-29T08:21:15.853+0000] {logging_mixin.py:190} INFO - pipeline_total_seconds: 154.329
[2026-06-29T08:21:15.854+0000] {python.py:240} INFO - Done. Returned value was: None
[2026-06-29T08:21:15.864+0000] {taskinstance.py:340} INFO - ::group::Post task execution logs
[2026-06-29T08:21:15.866+0000] {taskinstance.py:352} INFO - Marking task as SUCCESS. dag_id=urban_data_pipeline, task_id=build_silver_gold, run_id=manual__2026-06-29T08:18:31+00:00, execution_date=20260629T081831, start_date=20260629T081840, end_date=20260629T082115
[2026-06-29T08:21:15.931+0000] {local_task_job_runner.py:266} INFO - Task exited with return code 0
[2026-06-29T08:21:15.962+0000] {taskinstance.py:3895} INFO - 1 downstream tasks scheduled from follow-on schedule check
[2026-06-29T08:21:15.967+0000] {local_task_job_runner.py:245} INFO - ::endgroup::
