[2026-06-28T11:11:47.448+0000] {local_task_job_runner.py:123} INFO - ::group::Pre task execution logs
[2026-06-28T11:11:47.466+0000] {taskinstance.py:2613} INFO - Dependencies all met for dep_context=non-requeueable deps ti=<TaskInstance: urban_data_pipeline.build_silver_gold manual_20260628T125645 [queued]>
[2026-06-28T11:11:47.475+0000] {taskinstance.py:2613} INFO - Dependencies all met for dep_context=requeueable deps ti=<TaskInstance: urban_data_pipeline.build_silver_gold manual_20260628T125645 [queued]>
[2026-06-28T11:11:47.475+0000] {taskinstance.py:2866} INFO - Starting attempt 3 of 3
[2026-06-28T11:11:47.490+0000] {taskinstance.py:2889} INFO - Executing <Task(PythonOperator): build_silver_gold> on 2026-06-28 10:56:56+00:00
[2026-06-28T11:11:47.499+0000] {standard_task_runner.py:104} INFO - Running: ['***', 'tasks', 'run', 'urban_data_pipeline', 'build_silver_gold', 'manual_20260628T125645', '--job-id', '54', '--raw', '--subdir', 'DAGS_FOLDER/urban_data_pipeline_dag.py', '--cfg-path', '/tmp/tmp39_up23v']
[2026-06-28T11:11:47.501+0000] {standard_task_runner.py:105} INFO - Job 54: Subtask build_silver_gold
[2026-06-28T11:11:47.501+0000] {logging_mixin.py:190} WARNING - /home/***/.local/lib/python3.12/site-packages/***/task/task_runner/standard_task_runner.py:70 DeprecationWarning: This process (pid=263) is multi-threaded, use of fork() may lead to deadlocks in the child.
[2026-06-28T11:11:47.502+0000] {standard_task_runner.py:72} INFO - Started process 264 to run task
[2026-06-28T11:11:47.574+0000] {task_command.py:467} INFO - Running <TaskInstance: urban_data_pipeline.build_silver_gold manual_20260628T125645 [running]> on host 875a7b04857f
[2026-06-28T11:11:47.658+0000] {taskinstance.py:3132} INFO - Exporting env vars: AIRFLOW_CTX_DAG_OWNER='urban-data-explorer' AIRFLOW_CTX_DAG_ID='urban_data_pipeline' AIRFLOW_CTX_TASK_ID='build_silver_gold' AIRFLOW_CTX_EXECUTION_DATE='2026-06-28T10:56:56+00:00' AIRFLOW_CTX_TRY_NUMBER='3' AIRFLOW_CTX_DAG_RUN_ID='manual_20260628T125645'
[2026-06-28T11:11:47.659+0000] {taskinstance.py:731} INFO - ::endgroup::
[2026-06-28T11:14:20.147+0000] {taskinstance.py:3311} ERROR - Task failed with exception
Traceback (most recent call last):
  File "/home/airflow/.local/lib/python3.12/site-packages/airflow/models/taskinstance.py", line 762, in _execute_task
    result = _execute_callable(context=context, **execute_callable_kwargs)
             ^^^^^^^^^^^^^^^^^^^^^^^^^^^^^^^^^^^^^^^^^^^^^^^^^^^^^^^^^^^^^
  File "/home/airflow/.local/lib/python3.12/site-packages/airflow/models/taskinstance.py", line 733, in _execute_callable
    return ExecutionCallableRunner(
           ^^^^^^^^^^^^^^^^^^^^^^^^
  File "/home/airflow/.local/lib/python3.12/site-packages/airflow/utils/operator_helpers.py", line 252, in run
    return self.func(*args, **kwargs)
           ^^^^^^^^^^^^^^^^^^^^^^^^^^
  File "/home/airflow/.local/lib/python3.12/site-packages/airflow/models/baseoperator.py", line 422, in wrapper
    return func(self, *args, **kwargs)
           ^^^^^^^^^^^^^^^^^^^^^^^^^^^
  File "/home/airflow/.local/lib/python3.12/site-packages/airflow/operators/python.py", line 238, in execute
    return_value = self.execute_callable()
                   ^^^^^^^^^^^^^^^^^^^^^^^
  File "/home/airflow/.local/lib/python3.12/site-packages/airflow/operators/python.py", line 256, in execute_callable
    return runner.run(*self.op_args, **self.op_kwargs)
           ^^^^^^^^^^^^^^^^^^^^^^^^^^^^^^^^^^^^^^^^^^^
  File "/home/airflow/.local/lib/python3.12/site-packages/airflow/utils/operator_helpers.py", line 252, in run
    return self.func(*args, **kwargs)
           ^^^^^^^^^^^^^^^^^^^^^^^^^^
  File "/opt/airflow/dags/urban_data_pipeline_dag.py", line 67, in build_gold_zone
    code = cmd_build(skip_noise=skip_noise)
           ^^^^^^^^^^^^^^^^^^^^^^^^^^^^^^^^
  File "/opt/airflow/project/pipeline/src/urban_data_explorer/cli.py", line 116, in cmd_build
    outputs = build_gold(include_noise=not skip_noise)
              ^^^^^^^^^^^^^^^^^^^^^^^^^^^^^^^^^^^^^^^^
  File "/opt/airflow/project/pipeline/src/urban_data_explorer/build.py", line 218, in build_gold
    for key, status in apply_table_keys(GOLD_TABLE_KEYS).items():
                       ^^^^^^^^^^^^^^^^^^^^^^^^^^^^^^^^^
  File "/opt/airflow/project/common/database.py", line 114, in apply_table_keys
    _execute_ddl(f"ALTER TABLE `{table_name}` ADD PRIMARY KEY ({columns})")
  File "/opt/airflow/project/common/database.py", line 95, in _execute_ddl
    connection.commit()
    ^^^^^^^^^^^^^^^^^
AttributeError: 'Connection' object has no attribute 'commit'
[2026-06-28T11:14:20.197+0000] {taskinstance.py:1225} INFO - Marking task as FAILED. dag_id=urban_data_pipeline, task_id=build_silver_gold, run_id=manual_20260628T125645, execution_date=20260628T105656, start_date=20260628T111147, end_date=20260628T111420
[2026-06-28T11:14:20.208+0000] {taskinstance.py:340} INFO - ::group::Post task execution logs
[2026-06-28T11:14:20.209+0000] {standard_task_runner.py:124} ERROR - Failed to execute job 54 for task build_silver_gold ('Connection' object has no attribute 'commit'; 264)
Traceback (most recent call last):
  File "/home/airflow/.local/lib/python3.12/site-packages/airflow/task/task_runner/standard_task_runner.py", line 117, in _start_by_fork
    ret = args.func(args, dag=self.dag)
          ^^^^^^^^^^^^^^^^^^^^^^^^^^^^^
  File "/home/airflow/.local/lib/python3.12/site-packages/airflow/cli/cli_config.py", line 49, in command
    return func(*args, **kwargs)
           ^^^^^^^^^^^^^^^^^^^^^
  File "/home/airflow/.local/lib/python3.12/site-packages/airflow/utils/cli.py", line 116, in wrapper
    return f(*args, **kwargs)
           ^^^^^^^^^^^^^^^^^^
  File "/home/airflow/.local/lib/python3.12/site-packages/airflow/cli/commands/task_command.py", line 483, in task_run
    task_return_code = _run_task_by_selected_method(args, _dag, ti)
                       ^^^^^^^^^^^^^^^^^^^^^^^^^^^^^^^^^^^^^^^^^^^^
  File "/home/airflow/.local/lib/python3.12/site-packages/airflow/cli/commands/task_command.py", line 256, in _run_task_by_selected_method
    return _run_raw_task(args, ti)
           ^^^^^^^^^^^^^^^^^^^^^^^
  File "/home/airflow/.local/lib/python3.12/site-packages/airflow/cli/commands/task_command.py", line 341, in _run_raw_task
    return ti._run_raw_task(
           ^^^^^^^^^^^^^^^^^
  File "/home/airflow/.local/lib/python3.12/site-packages/airflow/utils/session.py", line 97, in wrapper
    return func(*args, session=session, **kwargs)
           ^^^^^^^^^^^^^^^^^^^^^^^^^^^^^^^^^^^^^^
  File "/home/airflow/.local/lib/python3.12/site-packages/airflow/models/taskinstance.py", line 3005, in _run_raw_task
    return _run_raw_task(
           ^^^^^^^^^^^^^^
  File "/home/airflow/.local/lib/python3.12/site-packages/airflow/models/taskinstance.py", line 273, in _run_raw_task
    TaskInstance._execute_task_with_callbacks(
  File "/home/airflow/.local/lib/python3.12/site-packages/airflow/models/taskinstance.py", line 3159, in _execute_task_with_callbacks
    result = self._execute_task(context, task_orig)
             ^^^^^^^^^^^^^^^^^^^^^^^^^^^^^^^^^^^^^^
  File "/home/airflow/.local/lib/python3.12/site-packages/airflow/models/taskinstance.py", line 3183, in _execute_task
    return _execute_task(self, context, task_orig)
           ^^^^^^^^^^^^^^^^^^^^^^^^^^^^^^^^^^^^^^^
  File "/home/airflow/.local/lib/python3.12/site-packages/airflow/models/taskinstance.py", line 762, in _execute_task
    result = _execute_callable(context=context, **execute_callable_kwargs)
             ^^^^^^^^^^^^^^^^^^^^^^^^^^^^^^^^^^^^^^^^^^^^^^^^^^^^^^^^^^^^^
  File "/home/airflow/.local/lib/python3.12/site-packages/airflow/models/taskinstance.py", line 733, in _execute_callable
    return ExecutionCallableRunner(
           ^^^^^^^^^^^^^^^^^^^^^^^^
  File "/home/airflow/.local/lib/python3.12/site-packages/airflow/utils/operator_helpers.py", line 252, in run
    return self.func(*args, **kwargs)
           ^^^^^^^^^^^^^^^^^^^^^^^^^^
  File "/home/airflow/.local/lib/python3.12/site-packages/airflow/models/baseoperator.py", line 422, in wrapper
    return func(self, *args, **kwargs)
           ^^^^^^^^^^^^^^^^^^^^^^^^^^^
  File "/home/airflow/.local/lib/python3.12/site-packages/airflow/operators/python.py", line 238, in execute
    return_value = self.execute_callable()
                   ^^^^^^^^^^^^^^^^^^^^^^^
  File "/home/airflow/.local/lib/python3.12/site-packages/airflow/operators/python.py", line 256, in execute_callable
    return runner.run(*self.op_args, **self.op_kwargs)
           ^^^^^^^^^^^^^^^^^^^^^^^^^^^^^^^^^^^^^^^^^^^
  File "/home/airflow/.local/lib/python3.12/site-packages/airflow/utils/operator_helpers.py", line 252, in run
    return self.func(*args, **kwargs)
           ^^^^^^^^^^^^^^^^^^^^^^^^^^
  File "/opt/airflow/dags/urban_data_pipeline_dag.py", line 67, in build_gold_zone
    code = cmd_build(skip_noise=skip_noise)
           ^^^^^^^^^^^^^^^^^^^^^^^^^^^^^^^^
  File "/opt/airflow/project/pipeline/src/urban_data_explorer/cli.py", line 116, in cmd_build
    outputs = build_gold(include_noise=not skip_noise)
              ^^^^^^^^^^^^^^^^^^^^^^^^^^^^^^^^^^^^^^^^
  File "/opt/airflow/project/pipeline/src/urban_data_explorer/build.py", line 218, in build_gold
    for key, status in apply_table_keys(GOLD_TABLE_KEYS).items():
                       ^^^^^^^^^^^^^^^^^^^^^^^^^^^^^^^^^
  File "/opt/airflow/project/common/database.py", line 114, in apply_table_keys
    _execute_ddl(f"ALTER TABLE `{table_name}` ADD PRIMARY KEY ({columns})")
  File "/opt/airflow/project/common/database.py", line 95, in _execute_ddl
    connection.commit()
    ^^^^^^^^^^^^^^^^^
AttributeError: 'Connection' object has no attribute 'commit'
[2026-06-28T11:14:20.273+0000] {local_task_job_runner.py:266} INFO - Task exited with return code 1
[2026-06-28T11:14:20.293+0000] {taskinstance.py:3895} INFO - 0 downstream tasks scheduled from follow-on schedule check
[2026-06-28T11:14:20.298+0000] {local_task_job_runner.py:245} INFO - ::endgroup::
