[2026-06-28T09:54:31.895+0000] {local_task_job_runner.py:123} INFO - ::group::Pre task execution logs
[2026-06-28T09:54:31.935+0000] {taskinstance.py:2613} INFO - Dependencies all met for dep_context=non-requeueable deps ti=<TaskInstance: urban_data_pipeline.download.download_dvf_2023_paris scheduled__2026-05-01T00:00:00+00:00 [queued]>
[2026-06-28T09:54:31.962+0000] {taskinstance.py:2613} INFO - Dependencies all met for dep_context=requeueable deps ti=<TaskInstance: urban_data_pipeline.download.download_dvf_2023_paris scheduled__2026-05-01T00:00:00+00:00 [queued]>
[2026-06-28T09:54:31.963+0000] {taskinstance.py:2866} INFO - Starting attempt 1 of 3
[2026-06-28T09:54:31.989+0000] {taskinstance.py:2889} INFO - Executing <Task(PythonOperator): download.download_dvf_2023_paris> on 2026-05-01 00:00:00+00:00
[2026-06-28T09:54:32.018+0000] {logging_mixin.py:190} WARNING - /home/***/.local/lib/python3.12/site-packages/***/task/task_runner/standard_task_runner.py:70 DeprecationWarning: This process (pid=536) is multi-threaded, use of fork() may lead to deadlocks in the child.
[2026-06-28T09:54:32.011+0000] {standard_task_runner.py:104} INFO - Running: ['***', 'tasks', 'run', 'urban_data_pipeline', 'download.download_dvf_2023_paris', 'scheduled__2026-05-01T00:00:00+00:00', '--job-id', '15', '--raw', '--subdir', 'DAGS_FOLDER/urban_data_pipeline_dag.py', '--cfg-path', '/tmp/tmpjdqxit96']
[2026-06-28T09:54:32.020+0000] {standard_task_runner.py:72} INFO - Started process 556 to run task
[2026-06-28T09:54:32.028+0000] {standard_task_runner.py:105} INFO - Job 15: Subtask download.download_dvf_2023_paris
[2026-06-28T09:54:32.221+0000] {task_command.py:467} INFO - Running <TaskInstance: urban_data_pipeline.download.download_dvf_2023_paris scheduled__2026-05-01T00:00:00+00:00 [running]> on host a599c75c3dcc
[2026-06-28T09:54:32.469+0000] {taskinstance.py:3132} INFO - Exporting env vars: AIRFLOW_CTX_DAG_OWNER='urban-data-explorer' AIRFLOW_CTX_DAG_ID='urban_data_pipeline' AIRFLOW_CTX_TASK_ID='download.download_dvf_2023_paris' AIRFLOW_CTX_EXECUTION_DATE='2026-05-01T00:00:00+00:00' AIRFLOW_CTX_TRY_NUMBER='1' AIRFLOW_CTX_DAG_RUN_ID='scheduled__2026-05-01T00:00:00+00:00'
[2026-06-28T09:54:32.471+0000] {taskinstance.py:731} INFO - ::endgroup::
[2026-06-28T09:54:34.726+0000] {logging_mixin.py:190} INFO - dvf_2023_paris: /opt/***/project/data/bronze/raw/dvf/valeursfoncieres-2023-paris.csv
[2026-06-28T09:54:34.732+0000] {python.py:240} INFO - Done. Returned value was: None
[2026-06-28T09:54:34.757+0000] {taskinstance.py:340} INFO - ::group::Post task execution logs
[2026-06-28T09:54:34.767+0000] {taskinstance.py:352} INFO - Marking task as SUCCESS. dag_id=urban_data_pipeline, task_id=download.download_dvf_2023_paris, run_id=scheduled__2026-05-01T00:00:00+00:00, execution_date=20260501T000000, start_date=20260628T095431, end_date=20260628T095434
[2026-06-28T09:54:34.876+0000] {local_task_job_runner.py:266} INFO - Task exited with return code 0
[2026-06-28T09:54:34.895+0000] {local_task_job_runner.py:245} INFO - ::endgroup::
[2026-06-29T08:21:48.335+0000] {local_task_job_runner.py:123} INFO - ::group::Pre task execution logs
[2026-06-29T08:21:48.361+0000] {taskinstance.py:2613} INFO - Dependencies all met for dep_context=non-requeueable deps ti=<TaskInstance: urban_data_pipeline.download.download_dvf_2023_paris scheduled__2026-05-01T00:00:00+00:00 [queued]>
[2026-06-29T08:21:48.374+0000] {taskinstance.py:2613} INFO - Dependencies all met for dep_context=requeueable deps ti=<TaskInstance: urban_data_pipeline.download.download_dvf_2023_paris scheduled__2026-05-01T00:00:00+00:00 [queued]>
[2026-06-29T08:21:48.375+0000] {taskinstance.py:2866} INFO - Starting attempt 1 of 3
[2026-06-29T08:21:48.404+0000] {taskinstance.py:2889} INFO - Executing <Task(PythonOperator): download.download_dvf_2023_paris> on 2026-05-01 00:00:00+00:00
[2026-06-29T08:21:48.417+0000] {standard_task_runner.py:104} INFO - Running: ['***', 'tasks', 'run', 'urban_data_pipeline', 'download.download_dvf_2023_paris', 'scheduled__2026-05-01T00:00:00+00:00', '--job-id', '116', '--raw', '--subdir', 'DAGS_FOLDER/urban_data_pipeline_dag.py', '--cfg-path', '/tmp/tmpyg4xxza2']
[2026-06-29T08:21:48.422+0000] {logging_mixin.py:190} WARNING - /home/***/.local/lib/python3.12/site-packages/***/task/task_runner/standard_task_runner.py:70 DeprecationWarning: This process (pid=549) is multi-threaded, use of fork() may lead to deadlocks in the child.
[2026-06-29T08:21:48.423+0000] {standard_task_runner.py:105} INFO - Job 116: Subtask download.download_dvf_2023_paris
[2026-06-29T08:21:48.424+0000] {standard_task_runner.py:72} INFO - Started process 570 to run task
[2026-06-29T08:21:48.537+0000] {task_command.py:467} INFO - Running <TaskInstance: urban_data_pipeline.download.download_dvf_2023_paris scheduled__2026-05-01T00:00:00+00:00 [running]> on host 875a7b04857f
[2026-06-29T08:21:48.695+0000] {taskinstance.py:3132} INFO - Exporting env vars: AIRFLOW_CTX_DAG_OWNER='urban-data-explorer' AIRFLOW_CTX_DAG_ID='urban_data_pipeline' AIRFLOW_CTX_TASK_ID='download.download_dvf_2023_paris' AIRFLOW_CTX_EXECUTION_DATE='2026-05-01T00:00:00+00:00' AIRFLOW_CTX_TRY_NUMBER='1' AIRFLOW_CTX_DAG_RUN_ID='scheduled__2026-05-01T00:00:00+00:00'
[2026-06-29T08:21:48.697+0000] {taskinstance.py:731} INFO - ::endgroup::
[2026-06-29T08:21:49.708+0000] {logging_mixin.py:190} INFO - dvf_2023_paris: /opt/***/project/data/bronze/raw/dvf/valeursfoncieres-2023-paris.csv
[2026-06-29T08:21:49.712+0000] {python.py:240} INFO - Done. Returned value was: None
[2026-06-29T08:21:49.743+0000] {taskinstance.py:340} INFO - ::group::Post task execution logs
[2026-06-29T08:21:49.744+0000] {taskinstance.py:352} INFO - Marking task as SUCCESS. dag_id=urban_data_pipeline, task_id=download.download_dvf_2023_paris, run_id=scheduled__2026-05-01T00:00:00+00:00, execution_date=20260501T000000, start_date=20260629T082148, end_date=20260629T082149
[2026-06-29T08:21:49.777+0000] {local_task_job_runner.py:266} INFO - Task exited with return code 0
[2026-06-29T08:21:49.792+0000] {local_task_job_runner.py:245} INFO - ::endgroup::
