[2026-06-28T09:54:31.843+0000] {local_task_job_runner.py:123} INFO - ::group::Pre task execution logs
[2026-06-28T09:54:31.884+0000] {taskinstance.py:2613} INFO - Dependencies all met for dep_context=non-requeueable deps ti=<TaskInstance: urban_data_pipeline.download.download_bruitparif_stats_2024 scheduled__2026-05-01T00:00:00+00:00 [queued]>
[2026-06-28T09:54:31.901+0000] {taskinstance.py:2613} INFO - Dependencies all met for dep_context=requeueable deps ti=<TaskInstance: urban_data_pipeline.download.download_bruitparif_stats_2024 scheduled__2026-05-01T00:00:00+00:00 [queued]>
[2026-06-28T09:54:31.902+0000] {taskinstance.py:2866} INFO - Starting attempt 1 of 3
[2026-06-28T09:54:31.942+0000] {taskinstance.py:2889} INFO - Executing <Task(PythonOperator): download.download_bruitparif_stats_2024> on 2026-05-01 00:00:00+00:00
[2026-06-28T09:54:31.961+0000] {standard_task_runner.py:104} INFO - Running: ['***', 'tasks', 'run', 'urban_data_pipeline', 'download.download_bruitparif_stats_2024', 'scheduled__2026-05-01T00:00:00+00:00', '--job-id', '5', '--raw', '--subdir', 'DAGS_FOLDER/urban_data_pipeline_dag.py', '--cfg-path', '/tmp/tmpndwa0o3a']
[2026-06-28T09:54:31.967+0000] {standard_task_runner.py:105} INFO - Job 5: Subtask download.download_bruitparif_stats_2024
[2026-06-28T09:54:31.970+0000] {logging_mixin.py:190} WARNING - /home/***/.local/lib/python3.12/site-packages/***/task/task_runner/standard_task_runner.py:70 DeprecationWarning: This process (pid=532) is multi-threaded, use of fork() may lead to deadlocks in the child.
[2026-06-28T09:54:31.972+0000] {standard_task_runner.py:72} INFO - Started process 545 to run task
[2026-06-28T09:54:32.188+0000] {task_command.py:467} INFO - Running <TaskInstance: urban_data_pipeline.download.download_bruitparif_stats_2024 scheduled__2026-05-01T00:00:00+00:00 [running]> on host a599c75c3dcc
[2026-06-28T09:54:32.512+0000] {taskinstance.py:3132} INFO - Exporting env vars: AIRFLOW_CTX_DAG_OWNER='urban-data-explorer' AIRFLOW_CTX_DAG_ID='urban_data_pipeline' AIRFLOW_CTX_TASK_ID='download.download_bruitparif_stats_2024' AIRFLOW_CTX_EXECUTION_DATE='2026-05-01T00:00:00+00:00' AIRFLOW_CTX_TRY_NUMBER='1' AIRFLOW_CTX_DAG_RUN_ID='scheduled__2026-05-01T00:00:00+00:00'
[2026-06-28T09:54:32.514+0000] {taskinstance.py:731} INFO - ::endgroup::
[2026-06-28T09:54:34.625+0000] {logging_mixin.py:190} INFO - bruitparif_stats_2024: /opt/***/project/data/bronze/raw/bruitparif/statistiques-air-bruit-2024.xlsx
[2026-06-28T09:54:34.626+0000] {python.py:240} INFO - Done. Returned value was: None
[2026-06-28T09:54:34.647+0000] {taskinstance.py:340} INFO - ::group::Post task execution logs
[2026-06-28T09:54:34.648+0000] {taskinstance.py:352} INFO - Marking task as SUCCESS. dag_id=urban_data_pipeline, task_id=download.download_bruitparif_stats_2024, run_id=scheduled__2026-05-01T00:00:00+00:00, execution_date=20260501T000000, start_date=20260628T095431, end_date=20260628T095434
[2026-06-28T09:54:34.708+0000] {local_task_job_runner.py:266} INFO - Task exited with return code 0
[2026-06-28T09:54:34.753+0000] {local_task_job_runner.py:245} INFO - ::endgroup::
[2026-06-29T08:21:48.313+0000] {local_task_job_runner.py:123} INFO - ::group::Pre task execution logs
[2026-06-29T08:21:48.344+0000] {taskinstance.py:2613} INFO - Dependencies all met for dep_context=non-requeueable deps ti=<TaskInstance: urban_data_pipeline.download.download_bruitparif_stats_2024 scheduled__2026-05-01T00:00:00+00:00 [queued]>
[2026-06-29T08:21:48.357+0000] {taskinstance.py:2613} INFO - Dependencies all met for dep_context=requeueable deps ti=<TaskInstance: urban_data_pipeline.download.download_bruitparif_stats_2024 scheduled__2026-05-01T00:00:00+00:00 [queued]>
[2026-06-29T08:21:48.359+0000] {taskinstance.py:2866} INFO - Starting attempt 1 of 3
[2026-06-29T08:21:48.389+0000] {taskinstance.py:2889} INFO - Executing <Task(PythonOperator): download.download_bruitparif_stats_2024> on 2026-05-01 00:00:00+00:00
[2026-06-29T08:21:48.403+0000] {standard_task_runner.py:104} INFO - Running: ['***', 'tasks', 'run', 'urban_data_pipeline', 'download.download_bruitparif_stats_2024', 'scheduled__2026-05-01T00:00:00+00:00', '--job-id', '113', '--raw', '--subdir', 'DAGS_FOLDER/urban_data_pipeline_dag.py', '--cfg-path', '/tmp/tmpnkl47hm6']
[2026-06-29T08:21:48.407+0000] {logging_mixin.py:190} WARNING - /home/***/.local/lib/python3.12/site-packages/***/task/task_runner/standard_task_runner.py:70 DeprecationWarning: This process (pid=553) is multi-threaded, use of fork() may lead to deadlocks in the child.
[2026-06-29T08:21:48.411+0000] {standard_task_runner.py:105} INFO - Job 113: Subtask download.download_bruitparif_stats_2024
[2026-06-29T08:21:48.412+0000] {standard_task_runner.py:72} INFO - Started process 566 to run task
[2026-06-29T08:21:48.521+0000] {task_command.py:467} INFO - Running <TaskInstance: urban_data_pipeline.download.download_bruitparif_stats_2024 scheduled__2026-05-01T00:00:00+00:00 [running]> on host 875a7b04857f
[2026-06-29T08:21:48.638+0000] {taskinstance.py:3132} INFO - Exporting env vars: AIRFLOW_CTX_DAG_OWNER='urban-data-explorer' AIRFLOW_CTX_DAG_ID='urban_data_pipeline' AIRFLOW_CTX_TASK_ID='download.download_bruitparif_stats_2024' AIRFLOW_CTX_EXECUTION_DATE='2026-05-01T00:00:00+00:00' AIRFLOW_CTX_TRY_NUMBER='1' AIRFLOW_CTX_DAG_RUN_ID='scheduled__2026-05-01T00:00:00+00:00'
[2026-06-29T08:21:48.639+0000] {taskinstance.py:731} INFO - ::endgroup::
[2026-06-29T08:21:49.674+0000] {logging_mixin.py:190} INFO - bruitparif_stats_2024: /opt/***/project/data/bronze/raw/bruitparif/statistiques-air-bruit-2024.xlsx
[2026-06-29T08:21:49.675+0000] {python.py:240} INFO - Done. Returned value was: None
[2026-06-29T08:21:49.689+0000] {taskinstance.py:340} INFO - ::group::Post task execution logs
[2026-06-29T08:21:49.690+0000] {taskinstance.py:352} INFO - Marking task as SUCCESS. dag_id=urban_data_pipeline, task_id=download.download_bruitparif_stats_2024, run_id=scheduled__2026-05-01T00:00:00+00:00, execution_date=20260501T000000, start_date=20260629T082148, end_date=20260629T082149
[2026-06-29T08:21:49.760+0000] {local_task_job_runner.py:266} INFO - Task exited with return code 0
[2026-06-29T08:21:49.807+0000] {taskinstance.py:3895} INFO - 0 downstream tasks scheduled from follow-on schedule check
[2026-06-29T08:21:49.810+0000] {local_task_job_runner.py:245} INFO - ::endgroup::
