[2026-06-28T09:54:31.865+0000] {local_task_job_runner.py:123} INFO - ::group::Pre task execution logs
[2026-06-28T09:54:31.907+0000] {taskinstance.py:2613} INFO - Dependencies all met for dep_context=non-requeueable deps ti=<TaskInstance: urban_data_pipeline.download.download_voie_paris scheduled__2026-05-01T00:00:00+00:00 [queued]>
[2026-06-28T09:54:31.925+0000] {taskinstance.py:2613} INFO - Dependencies all met for dep_context=requeueable deps ti=<TaskInstance: urban_data_pipeline.download.download_voie_paris scheduled__2026-05-01T00:00:00+00:00 [queued]>
[2026-06-28T09:54:31.926+0000] {taskinstance.py:2866} INFO - Starting attempt 1 of 3
[2026-06-28T09:54:31.963+0000] {taskinstance.py:2889} INFO - Executing <Task(PythonOperator): download.download_voie_paris> on 2026-05-01 00:00:00+00:00
[2026-06-28T09:54:31.982+0000] {standard_task_runner.py:104} INFO - Running: ['***', 'tasks', 'run', 'urban_data_pipeline', 'download.download_voie_paris', 'scheduled__2026-05-01T00:00:00+00:00', '--job-id', '4', '--raw', '--subdir', 'DAGS_FOLDER/urban_data_pipeline_dag.py', '--cfg-path', '/tmp/tmp_qx7jry8']
[2026-06-28T09:54:31.987+0000] {logging_mixin.py:190} WARNING - /home/***/.local/lib/python3.12/site-packages/***/task/task_runner/standard_task_runner.py:70 DeprecationWarning: This process (pid=540) is multi-threaded, use of fork() may lead to deadlocks in the child.
[2026-06-28T09:54:31.988+0000] {standard_task_runner.py:105} INFO - Job 4: Subtask download.download_voie_paris
[2026-06-28T09:54:31.988+0000] {standard_task_runner.py:72} INFO - Started process 547 to run task
[2026-06-28T09:54:32.167+0000] {task_command.py:467} INFO - Running <TaskInstance: urban_data_pipeline.download.download_voie_paris scheduled__2026-05-01T00:00:00+00:00 [running]> on host a599c75c3dcc
[2026-06-28T09:54:32.439+0000] {taskinstance.py:3132} INFO - Exporting env vars: AIRFLOW_CTX_DAG_OWNER='urban-data-explorer' AIRFLOW_CTX_DAG_ID='urban_data_pipeline' AIRFLOW_CTX_TASK_ID='download.download_voie_paris' AIRFLOW_CTX_EXECUTION_DATE='2026-05-01T00:00:00+00:00' AIRFLOW_CTX_TRY_NUMBER='1' AIRFLOW_CTX_DAG_RUN_ID='scheduled__2026-05-01T00:00:00+00:00'
[2026-06-28T09:54:32.442+0000] {taskinstance.py:731} INFO - ::endgroup::
[2026-06-28T09:54:34.624+0000] {logging_mixin.py:190} INFO - voie_paris: /opt/***/project/data/bronze/reference/voie-paris.geojson
[2026-06-28T09:54:34.625+0000] {python.py:240} INFO - Done. Returned value was: None
[2026-06-28T09:54:34.647+0000] {taskinstance.py:340} INFO - ::group::Post task execution logs
[2026-06-28T09:54:34.652+0000] {taskinstance.py:352} INFO - Marking task as SUCCESS. dag_id=urban_data_pipeline, task_id=download.download_voie_paris, run_id=scheduled__2026-05-01T00:00:00+00:00, execution_date=20260501T000000, start_date=20260628T095431, end_date=20260628T095434
[2026-06-28T09:54:34.713+0000] {local_task_job_runner.py:266} INFO - Task exited with return code 0
[2026-06-28T09:54:34.739+0000] {local_task_job_runner.py:245} INFO - ::endgroup::
[2026-06-29T08:21:48.338+0000] {local_task_job_runner.py:123} INFO - ::group::Pre task execution logs
[2026-06-29T08:21:48.365+0000] {taskinstance.py:2613} INFO - Dependencies all met for dep_context=non-requeueable deps ti=<TaskInstance: urban_data_pipeline.download.download_voie_paris scheduled__2026-05-01T00:00:00+00:00 [queued]>
[2026-06-29T08:21:48.379+0000] {taskinstance.py:2613} INFO - Dependencies all met for dep_context=requeueable deps ti=<TaskInstance: urban_data_pipeline.download.download_voie_paris scheduled__2026-05-01T00:00:00+00:00 [queued]>
[2026-06-29T08:21:48.380+0000] {taskinstance.py:2866} INFO - Starting attempt 1 of 3
[2026-06-29T08:21:48.449+0000] {taskinstance.py:2889} INFO - Executing <Task(PythonOperator): download.download_voie_paris> on 2026-05-01 00:00:00+00:00
[2026-06-29T08:21:48.464+0000] {logging_mixin.py:190} WARNING - /home/***/.local/lib/python3.12/site-packages/***/task/task_runner/standard_task_runner.py:70 DeprecationWarning: This process (pid=560) is multi-threaded, use of fork() may lead to deadlocks in the child.
[2026-06-29T08:21:48.466+0000] {standard_task_runner.py:72} INFO - Started process 584 to run task
[2026-06-29T08:21:48.461+0000] {standard_task_runner.py:104} INFO - Running: ['***', 'tasks', 'run', 'urban_data_pipeline', 'download.download_voie_paris', 'scheduled__2026-05-01T00:00:00+00:00', '--job-id', '117', '--raw', '--subdir', 'DAGS_FOLDER/urban_data_pipeline_dag.py', '--cfg-path', '/tmp/tmp1jmdi7ct']
[2026-06-29T08:21:48.469+0000] {standard_task_runner.py:105} INFO - Job 117: Subtask download.download_voie_paris
[2026-06-29T08:21:48.578+0000] {task_command.py:467} INFO - Running <TaskInstance: urban_data_pipeline.download.download_voie_paris scheduled__2026-05-01T00:00:00+00:00 [running]> on host 875a7b04857f
[2026-06-29T08:21:48.696+0000] {taskinstance.py:3132} INFO - Exporting env vars: AIRFLOW_CTX_DAG_OWNER='urban-data-explorer' AIRFLOW_CTX_DAG_ID='urban_data_pipeline' AIRFLOW_CTX_TASK_ID='download.download_voie_paris' AIRFLOW_CTX_EXECUTION_DATE='2026-05-01T00:00:00+00:00' AIRFLOW_CTX_TRY_NUMBER='1' AIRFLOW_CTX_DAG_RUN_ID='scheduled__2026-05-01T00:00:00+00:00'
[2026-06-29T08:21:48.698+0000] {taskinstance.py:731} INFO - ::endgroup::
[2026-06-29T08:21:49.679+0000] {logging_mixin.py:190} INFO - voie_paris: /opt/***/project/data/bronze/reference/voie-paris.geojson
[2026-06-29T08:21:49.680+0000] {python.py:240} INFO - Done. Returned value was: None
[2026-06-29T08:21:49.695+0000] {taskinstance.py:340} INFO - ::group::Post task execution logs
[2026-06-29T08:21:49.698+0000] {taskinstance.py:352} INFO - Marking task as SUCCESS. dag_id=urban_data_pipeline, task_id=download.download_voie_paris, run_id=scheduled__2026-05-01T00:00:00+00:00, execution_date=20260501T000000, start_date=20260629T082148, end_date=20260629T082149
[2026-06-29T08:21:49.778+0000] {local_task_job_runner.py:266} INFO - Task exited with return code 0
[2026-06-29T08:21:49.792+0000] {local_task_job_runner.py:245} INFO - ::endgroup::
