[2026-07-01T16:56:26.452+0000] {local_task_job_runner.py:123} INFO - ::group::Pre task execution logs
[2026-07-01T16:56:26.472+0000] {taskinstance.py:2613} INFO - Dependencies all met for dep_context=non-requeueable deps ti=<TaskInstance: urban_data_streaming_demo.monitor_pipeline_events manual__2026-07-01T16:56:15+00:00 [queued]>
[2026-07-01T16:56:26.486+0000] {taskinstance.py:2613} INFO - Dependencies all met for dep_context=requeueable deps ti=<TaskInstance: urban_data_streaming_demo.monitor_pipeline_events manual__2026-07-01T16:56:15+00:00 [queued]>
[2026-07-01T16:56:26.486+0000] {taskinstance.py:2866} INFO - Starting attempt 1 of 1
[2026-07-01T16:56:26.506+0000] {taskinstance.py:2889} INFO - Executing <Task(PythonOperator): monitor_pipeline_events> on 2026-07-01 16:56:15+00:00
[2026-07-01T16:56:26.514+0000] {standard_task_runner.py:104} INFO - Running: ['***', 'tasks', 'run', 'urban_data_streaming_demo', 'monitor_pipeline_events', 'manual__2026-07-01T16:56:15+00:00', '--job-id', '146', '--raw', '--subdir', 'DAGS_FOLDER/urban_data_streaming_dag.py', '--cfg-path', '/tmp/tmpxjuf3tkd']
[2026-07-01T16:56:26.517+0000] {standard_task_runner.py:105} INFO - Job 146: Subtask monitor_pipeline_events
[2026-07-01T16:56:26.517+0000] {logging_mixin.py:190} WARNING - /home/***/.local/lib/python3.12/site-packages/***/task/task_runner/standard_task_runner.py:70 DeprecationWarning: This process (pid=3590) is multi-threaded, use of fork() may lead to deadlocks in the child.
[2026-07-01T16:56:26.518+0000] {standard_task_runner.py:72} INFO - Started process 3594 to run task
[2026-07-01T16:56:26.606+0000] {task_command.py:467} INFO - Running <TaskInstance: urban_data_streaming_demo.monitor_pipeline_events manual__2026-07-01T16:56:15+00:00 [running]> on host 89761de2adae
[2026-07-01T16:56:26.720+0000] {taskinstance.py:3132} INFO - Exporting env vars: AIRFLOW_CTX_DAG_OWNER='urban-data-explorer' AIRFLOW_CTX_DAG_ID='urban_data_streaming_demo' AIRFLOW_CTX_TASK_ID='monitor_pipeline_events' AIRFLOW_CTX_EXECUTION_DATE='2026-07-01T16:56:15+00:00' AIRFLOW_CTX_TRY_NUMBER='1' AIRFLOW_CTX_DAG_RUN_ID='manual__2026-07-01T16:56:15+00:00'
[2026-07-01T16:56:26.721+0000] {taskinstance.py:731} INFO - ::endgroup::
[2026-07-01T16:56:27.885+0000] {logging_mixin.py:190} INFO - Evenements du pipeline (temps reel) :
[2026-07-01T16:56:27.888+0000] {logging_mixin.py:190} INFO -   [2026-07-01T16:55:03+00:00] download_dvf_2025_paris      -> ok (8200 ms)
[2026-07-01T16:56:27.889+0000] {logging_mixin.py:190} INFO -   [2026-07-01T16:55:03+00:00] download_insee_revenus       -> ok (1400 ms)
[2026-07-01T16:56:27.891+0000] {logging_mixin.py:190} INFO -   [2026-07-01T16:55:03+00:00] download_bruitparif          -> ok (2600 ms)
[2026-07-01T16:56:27.892+0000] {logging_mixin.py:190} INFO -   [2026-07-01T16:55:03+00:00] build_silver_gold            -> ok (15300 ms)
[2026-07-01T16:56:27.893+0000] {logging_mixin.py:190} INFO -   [2026-07-01T16:55:03+00:00] validate_gold                -> ok (700 ms)
[2026-07-01T16:56:30.937+0000] {logging_mixin.py:190} INFO - 
5 nouvel(s) evenement(s) consomme(s). Total stream : 5 evenements | 5 ok | 0 erreur(s) | duree cumulee 28200 ms.
[2026-07-01T16:56:30.944+0000] {python.py:240} INFO - Done. Returned value was: None
[2026-07-01T16:56:31.016+0000] {taskinstance.py:340} INFO - ::group::Post task execution logs
[2026-07-01T16:56:31.022+0000] {taskinstance.py:352} INFO - Marking task as SUCCESS. dag_id=urban_data_streaming_demo, task_id=monitor_pipeline_events, run_id=manual__2026-07-01T16:56:15+00:00, execution_date=20260701T165615, start_date=20260701T165626, end_date=20260701T165631
[2026-07-01T16:56:31.129+0000] {local_task_job_runner.py:266} INFO - Task exited with return code 0
[2026-07-01T16:56:31.148+0000] {taskinstance.py:3895} INFO - 0 downstream tasks scheduled from follow-on schedule check
[2026-07-01T16:56:31.151+0000] {local_task_job_runner.py:245} INFO - ::endgroup::
